
IIMethod: mesh part 0 is using FIRST order LAGRANGE finite elements.


IIMethod: mesh part 1 is using FIRST order LAGRANGE finite elements.

IBHierarchyIntegrator::initializePatchHierarchy(): tag_buffer = 0
INSStaggeredHierarchyIntegrator::initializeCompositeHierarchyData():
  projecting the interpolated velocity field
INSStaggeredHierarchyIntegrator::regridProjection(): regrid projection solve number of iterations = 6
INSStaggeredHierarchyIntegrator::regridProjection(): regrid projection solve residual norm        = 6.11434e-13
Input database:
input_db {
   Re                             = 50                      // input used
   MU                             = 0.2                     // input used
   RHO                            = 1                       // input used
   L                              = 2                       // input used
   U_MAX                          = 2                       // input not used
   MAX_LEVELS                     = 1                       // input used
   REF_RATIO                      = 1                       // input used
   N                              = 32                      // input used
   NFINEST                        = 32                      // input used
   DX0                            = 0.0625                  // input not used
   DX                             = 0.0625                  // input used
   MFAC                           = 1                       // input used
   ELEM_TYPE                      = "TRI3"                  // input used
   elem_order                     = "FIRST"                 // input not used
   R                              = 0.75                    // input used
   Ro                             = 0.9375                  // input used
   B                              = 0                       // input not used
   OMEGA1                         = 0.000833                // input used
   OMEGA2                         = 0                       // input used
   PK1_DEV_QUAD_ORDER             = "SEVENTH"               // input not used
   PK1_DIL_QUAD_ORDER             = "FIFTH"                 // input not used
   USE_BOUNDARY_MESH              = TRUE                    // input not used
   CREEPING_FLOW                  = FALSE                   // input used
   IB_DELTA_FUNCTION              = "IB_3"                  // input used
   SPLIT_FORCES                   = TRUE                    // input used
   USE_PRESSURE_JUMP_CONDITIONS   = TRUE                    // input used
   USE_VELOCITY_JUMP_CONDITIONS   = TRUE                    // input used
   WSS_CALC_WIDTH                 = 1.05                    // input used
   P_CALC_WIDTH                   = 1.3                     // input used
   USE_CONSISTENT_MASS_MATRIX     = TRUE                    // input used
   NORMALIZE_PRESSURE_JUMP        = TRUE                    // input used
   IB_POINT_DENSITY               = 4                       // input used
   START_TIME                     = 0                       // input used
   END_TIME                       = 2.5                     // input used
   GROW_DT                        = 2                       // input used
   NUM_CYCLES                     = 1                       // input used
   CONVECTIVE_TS_TYPE             = "ADAMS_BASHFORTH"       // input used
   CONVECTIVE_OP_TYPE             = "STABILIZED_PPM"        // input used
   CONVECTIVE_FORM                = "ADVECTIVE"             // input used
   NORMALIZE_PRESSURE             = TRUE                    // input used
   CFL_MAX                        = 0.1                     // input used
   DT                             = 0.000625                // input used
   ERROR_ON_DT_CHANGE             = TRUE                    // input used
   VORTICITY_TAGGING              = TRUE                    // input used
   TAG_BUFFER                     = 1                       // input used
   REGRID_CFL_INTERVAL            = 0.5                     // input used
   OUTPUT_U                       = TRUE                    // input used
   OUTPUT_P                       = TRUE                    // input used
   OUTPUT_F                       = TRUE                    // input used
   OUTPUT_OMEGA                   = TRUE                    // input used
   OUTPUT_DIV_U                   = TRUE                    // input used
   ENABLE_LOGGING                 = TRUE                    // input used
   e                              = 0                       // input used
   c                              = 0.1875                  // input used
   eps                            = 0                       // input used
   SHIFT                          = 0                       // input used
   KAPPA_S                        = 5120                    // input used
   ETA_S                          = 0                       // input used
   USE_SECOND_VELOCITY_CORRECTION = FALSE                   // input used
   USE_CURR_MESH_CONFIG           = TRUE                    // input used
   USE_QUADRATIC_ELEMS            = FALSE                   // input used
   EXPLICITLY_REMOVE_NULLSPACE    = TRUE                    // input not used
   AA                             = -0.00148089             // input used
   BB                             = 0.00130156              // input used
   U                              = "(sqrt(X0*X0 + X1*X1)< R ? -omega1*X1 : (sqrt((X0 - e)*(X0 - e) + X1*X1)> Ro ? 0.0 : -omega1*X1*(1.0 - (sqrt(X0*X0 + X1*X1) - R)/(c + e*X0/sqrt(X0*X0 + X1*X1)) - (3*eps*((sqrt(X0*X0 + X1*X1) - R)/(c + e*X0/sqrt(X0*X0 + X1*X1)) - ((sqrt(X0*X0 + X1*X1) - R)/(c + e*X0/sqrt(X0*X0 + X1*X1)))*((sqrt(X0*X0 + X1*X1) - R)/(c + e*X0/sqrt(X0*X0 + X1*X1))))*(2*X0/sqrt(X0*X0 + X1*X1)+3*eps+eps*eps*X0/sqrt(X0*X0 + X1*X1)))/((2+eps^2)*(1+eps*X0/sqrt(X0*X0 + X1*X1))))))" // input used
   V                              = "(sqrt(X0*X0 + X1*X1)< R ? omega1*X0 :  (sqrt((X0- e)*(X0 - e) + X1*X1)> Ro ? 0.0 : omega1*X0*(1.0 - (sqrt(X0*X0 + X1*X1) - R)/(c + e*X0/sqrt(X0*X0 + X1*X1)) - (3*eps*((sqrt(X0*X0 + X1*X1) - R)/(c + e*X0/sqrt(X0*X0 + X1*X1)) - ((sqrt(X0*X0 + X1*X1) - R)/(c + e*X0/sqrt(X0*X0 + X1*X1)))*((sqrt(X0*X0 + X1*X1) - R)/(c + e*X0/sqrt(X0*X0 + X1*X1))))*(2*X0/sqrt(X0*X0 + X1*X1)+3*eps+eps*eps*X0/sqrt(X0*X0 + X1*X1)))/((2+eps^2)*(1+eps*X0/sqrt(X0*X0 + X1*X1))))))" // input used
   P                              = "(sqrt(X0*X0 + X1*X1)< R ? 0.5*omega1*omega1*(X0*X0 + X1*X1) :  (sqrt((X0- e)*(X0 - e) + X1*X1)> Ro ? 0.0 : 6*MU*eps*omega1*R*R*(2.0 + eps*X0/sqrt(X0*X0 + X1*X1))*(X1/sqrt(X0*X0 + X1*X1))/((2+eps^2)*c*c*(1+eps*X0/sqrt(X0*X0 + X1*X1))*(1+eps*X0/sqrt(X0*X0 + X1*X1))) ))" // input used
   USE_PHONG_NORMALS              = FALSE                   // input used
   VelocityBcCoefs_0 {
      MU               = 0.2                                // input used
      R                = 0.75                               // input used
      Ro               = 0.9375                             // input used
      omega1           = 0.000833                           // input used
      omega2           = 0                                  // input used
      AA               = -0.00148089                        // input used
      BB               = 0.00130156                         // input used
      e                = 0                                  // input used
      c                = 0.1875                             // input used
      acoef_function_0 = "0.0"                              // input used
      acoef_function_1 = "0.0"                              // input used
      acoef_function_2 = "1.0"                              // input used
      acoef_function_3 = "1.0"                              // input used
      bcoef_function_0 = "1.0"                              // input used
      bcoef_function_1 = "1.0"                              // input used
      bcoef_function_2 = "0.0"                              // input used
      bcoef_function_3 = "0.0"                              // input used
      gcoef_function_0 = "0.0"                              // input used
      gcoef_function_1 = "0.0"                              // input used
      gcoef_function_2 = "0.0"                              // input used
      gcoef_function_3 = "0.0"                              // input used
   }
   VelocityBcCoefs_1 {
      R                = 0.75                               // input used
      Ro               = 0.9375                             // input used
      omega1           = 0.000833                           // input used
      omega2           = 0                                  // input used
      MU               = 0.2                                // input used
      AA               = -0.00148089                        // input used
      BB               = 0.00130156                         // input used
      c                = 0.1875                             // input used
      eps              = 0                                  // input used
      e                = 0                                  // input used
      acoef_function_0 = "1.0"                              // input used
      acoef_function_1 = "1.0"                              // input used
      acoef_function_2 = "0.0"                              // input used
      acoef_function_3 = "0.0"                              // input used
      bcoef_function_0 = "0.0"                              // input used
      bcoef_function_1 = "0.0"                              // input used
      bcoef_function_2 = "1.0"                              // input used
      bcoef_function_3 = "1.0"                              // input used
      gcoef_function_0 = "0.0"                              // input used
      gcoef_function_1 = "0.0"                              // input used
      gcoef_function_2 = "0.0"                              // input used
      gcoef_function_3 = "0.0"                              // input used
   }
   VelocityInitialConditions {
      R          = 0.75                                     // input used
      Ro         = 0.9375                                   // input used
      omega1     = 0.000833                                 // input used
      omega2     = 0                                        // input used
      AA         = -0.00148089                              // input used
      eps        = 0                                        // input used
      BB         = 0.00130156                               // input used
      e          = 0                                        // input used
      c          = 0.1875                                   // input used
      U          = "(sqrt(X0*X0 + X1*X1)< R ? -omega1*X1 : (sqrt((X0 - e)*(X0 - e) + X1*X1)> Ro ? 0.0 : -omega1*X1*(1.0 - (sqrt(X0*X0 + X1*X1) - R)/(c + e*X0/sqrt(X0*X0 + X1*X1)) - (3*eps*((sqrt(X0*X0 + X1*X1) - R)/(c + e*X0/sqrt(X0*X0 + X1*X1)) - ((sqrt(X0*X0 + X1*X1) - R)/(c + e*X0/sqrt(X0*X0 + X1*X1)))*((sqrt(X0*X0 + X1*X1) - R)/(c + e*X0/sqrt(X0*X0 + X1*X1))))*(2*X0/sqrt(X0*X0 + X1*X1)+3*eps+eps*eps*X0/sqrt(X0*X0 + X1*X1)))/((2+eps^2)*(1+eps*X0/sqrt(X0*X0 + X1*X1))))))" // input used
      V          = "(sqrt(X0*X0 + X1*X1)< R ? omega1*X0 :  (sqrt((X0- e)*(X0 - e) + X1*X1)> Ro ? 0.0 : omega1*X0*(1.0 - (sqrt(X0*X0 + X1*X1) - R)/(c + e*X0/sqrt(X0*X0 + X1*X1)) - (3*eps*((sqrt(X0*X0 + X1*X1) - R)/(c + e*X0/sqrt(X0*X0 + X1*X1)) - ((sqrt(X0*X0 + X1*X1) - R)/(c + e*X0/sqrt(X0*X0 + X1*X1)))*((sqrt(X0*X0 + X1*X1) - R)/(c + e*X0/sqrt(X0*X0 + X1*X1))))*(2*X0/sqrt(X0*X0 + X1*X1)+3*eps+eps*eps*X0/sqrt(X0*X0 + X1*X1)))/((2+eps^2)*(1+eps*X0/sqrt(X0*X0 + X1*X1))))))" // input used
      function_0 = "(sqrt(X0*X0 + X1*X1)< R ? -omega1*X1 : (sqrt((X0 - e)*(X0 - e) + X1*X1)> Ro ? 0.0 : -omega1*X1*(1.0 - (sqrt(X0*X0 + X1*X1) - R)/(c + e*X0/sqrt(X0*X0 + X1*X1)) - (3*eps*((sqrt(X0*X0 + X1*X1) - R)/(c + e*X0/sqrt(X0*X0 + X1*X1)) - ((sqrt(X0*X0 + X1*X1) - R)/(c + e*X0/sqrt(X0*X0 + X1*X1)))*((sqrt(X0*X0 + X1*X1) - R)/(c + e*X0/sqrt(X0*X0 + X1*X1))))*(2*X0/sqrt(X0*X0 + X1*X1)+3*eps+eps*eps*X0/sqrt(X0*X0 + X1*X1)))/((2+eps^2)*(1+eps*X0/sqrt(X0*X0 + X1*X1))))))" // input used
      function_1 = "(sqrt(X0*X0 + X1*X1)< R ? omega1*X0 :  (sqrt((X0- e)*(X0 - e) + X1*X1)> Ro ? 0.0 : omega1*X0*(1.0 - (sqrt(X0*X0 + X1*X1) - R)/(c + e*X0/sqrt(X0*X0 + X1*X1)) - (3*eps*((sqrt(X0*X0 + X1*X1) - R)/(c + e*X0/sqrt(X0*X0 + X1*X1)) - ((sqrt(X0*X0 + X1*X1) - R)/(c + e*X0/sqrt(X0*X0 + X1*X1)))*((sqrt(X0*X0 + X1*X1) - R)/(c + e*X0/sqrt(X0*X0 + X1*X1))))*(2*X0/sqrt(X0*X0 + X1*X1)+3*eps+eps*eps*X0/sqrt(X0*X0 + X1*X1)))/((2+eps^2)*(1+eps*X0/sqrt(X0*X0 + X1*X1))))))" // input used
   }
   PressureInitialConditions {
      AA       = -0.00148089                                // input used
      eps      = 0                                          // input used
      BB       = 0.00130156                                 // input used
      e        = 0                                          // input used
      c        = 0.1875                                     // input used
      MU       = 0.2                                        // input used
      R        = 0.75                                       // input used
      Ro       = 0.9375                                     // input used
      omega1   = 0.000833                                   // input used
      omega2   = 0                                          // input used
      P        = "(sqrt(X0*X0 + X1*X1)< R ? 0.5*omega1*omega1*(X0*X0 + X1*X1) :  (sqrt((X0- e)*(X0 - e) + X1*X1)> Ro ? 0.0 : 6*MU*eps*omega1*R*R*(2.0 + eps*X0/sqrt(X0*X0 + X1*X1))*(X1/sqrt(X0*X0 + X1*X1))/((2+eps^2)*c*c*(1+eps*X0/sqrt(X0*X0 + X1*X1))*(1+eps*X0/sqrt(X0*X0 + X1*X1))) ))" // input used
      function = "(sqrt(X0*X0 + X1*X1)< R ? 0.5*omega1*omega1*(X0*X0 + X1*X1) :  (sqrt((X0- e)*(X0 - e) + X1*X1)> Ro ? 0.0 : 6*MU*eps*omega1*R*R*(2.0 + eps*X0/sqrt(X0*X0 + X1*X1))*(X1/sqrt(X0*X0 + X1*X1))/((2+eps^2)*c*c*(1+eps*X0/sqrt(X0*X0 + X1*X1))*(1+eps*X0/sqrt(X0*X0 + X1*X1))) ))" // input used
   }
   IBHierarchyIntegrator {
      start_time          = 0                               // input used
      end_time            = 2.5                             // input used
      grow_dt             = 2                               // input used
      num_cycles          = 1                               // input used
      regrid_cfl_interval = 0.5                             // input used
      dt_max              = 0.000625                        // input used
      error_on_dt_change  = TRUE                            // input used
      enable_logging      = TRUE                            // input used
   }
   IIMethod {
      IB_delta_fcn                   = "IB_3"               // input used
      split_forces                   = TRUE                 // input not used
      use_pressure_jump_conditions   = TRUE                 // input used
      use_velocity_jump_conditions   = TRUE                 // input used
      use_consistent_mass_matrix     = TRUE                 // input used
      IB_point_density               = 4                    // input used
      wss_calc_width                 = 1.05                 // input used
      p_calc_width                   = 1.3                  // input not used
      min_ghost_cell_width           = 6                    // input used
      normalize_pressure_jump        = TRUE                 // input not used
      use_second_velocity_correction = FALSE                // input used
      use_current_mesh_configuration = TRUE                 // input used
      use_phong_normals              = FALSE                // input used
   }
   INSStaggeredHierarchyIntegrator {
      mu                            = 0.2                   // input used
      rho                           = 1                     // input used
      start_time                    = 0                     // input used
      end_time                      = 2.5                   // input used
      creeping_flow                 = FALSE                 // input used
      grow_dt                       = 2                     // input used
      convective_time_stepping_type = "ADAMS_BASHFORTH"     // input used
      convective_op_type            = "STABILIZED_PPM"      // input used
      convective_difference_form    = "ADVECTIVE"           // input used
      normalize_pressure            = TRUE                  // input used
      cfl                           = 0.1                   // input used
      dt_max                        = 0.000625              // input used
      using_vorticity_tagging       = TRUE                  // input used
      vorticity_rel_thresh          = 0.01                  // input used
      tag_buffer                    = 1                     // input used
      output_U                      = TRUE                  // input used
      output_P                      = TRUE                  // input used
      output_F                      = TRUE                  // input used
      output_Omega                  = TRUE                  // input used
      output_Div_U                  = TRUE                  // input used
      enable_logging                = TRUE                  // input used
      U_P_bdry_interp_type          = "LINEAR"              // from default
   }
   Main {
      log_file_name               = "II_2D_N_128_pbc_normjump.log" // input used
      log_all_nodes               = FALSE                   // input used
      viz_writer                  = "VisIt", "ExodusII"     // input used
      viz_dump_interval           = 319                     // input used
      viz_dump_dirname            = "viz_ecc_cyl"           // input used
      visit_number_procs_per_file = 1                       // input used
      restart_dump_interval       = 0                       // input used
      restart_dump_dirname        = "restart_IB2d"          // input used
      data_dump_interval          = 319                     // input used
      data_dump_dirname           = "hier_data_ecc_cyl"     // input used
      timer_dump_interval         = 319                     // input used
   }
   CartesianGeometry {
      domain_boxes       = [(0,0),(31,31)]                  // input used
      x_lo               = -1, -1                           // input used
      x_up               = 1, 1                             // input used
      periodic_dimension = 0, 0                             // input used
   }
   GriddingAlgorithm {
      max_levels                = 1                         // input used
      efficiency_tolerance      = 0.85                      // input used
      combine_efficiency        = 0.85                      // input used
      check_nonrefined_tags     = 'w'                       // from default
      check_overlapping_patches = 'i'                       // from default
      extend_tags_to_bdry       = FALSE                     // from default
      ratio_to_coarser {
         level_1 = 1, 1                                     // input not used
         level_2 = 1, 1                                     // input not used
         level_3 = 1, 1                                     // input not used
         level_4 = 1, 1                                     // input not used
         level_5 = 1, 1                                     // input not used
      }
      largest_patch_size {
         level_0 = 32, 32                                   // input used
      }
      smallest_patch_size {
         level_0 = 32, 32                                   // input used
      }
   }
   StandardTagAndInitialize {
      tagging_method = "GRADIENT_DETECTOR"                  // input used
   }
   LoadBalancer {
      bin_pack_method                      = "SPATIAL"      // input used
      max_workload_factor                  = 1              // input used
      ignore_level_box_union_is_single_box = FALSE          // from default
   }
   TimerManager {
      print_exclusive      = FALSE                          // input used
      print_total          = TRUE                           // input used
      print_threshold      = 0.1                            // input used
      timer_list           = "IBAMR::*::*", "IBTK::*::*", "*::*::*" // input used
      print_processor      = TRUE                           // from default
      print_max            = FALSE                          // from default
      print_summed         = FALSE                          // from default
      print_user           = FALSE                          // from default
      print_sys            = FALSE                          // from default
      print_wall           = TRUE                           // from default
      print_percentage     = TRUE                           // from default
      print_concurrent     = FALSE                          // from default
      print_timer_overhead = FALSE                          // from default
   }
}


Writing visualization files...


+++++++++++++++++++++++++++++++++++++++++++++++++++
At beginning of timestep # 0
Simulation time is 0
IBHierarchyIntegrator::advanceHierarchy(): time interval = [0,0.000625], dt = 0.000625
IBHierarchyIntegrator::advanceHierarchy(): regridding prior to timestep 0
IBHierarchyIntegrator::regridHierarchy(): starting Lagrangian data movement
IBHierarchyIntegrator::regridHierarchy(): regridding the patch hierarchy
IBHierarchyIntegrator::regridHierarchy(): finishing Lagrangian data movement
INSStaggeredHierarchyIntegrator::preprocessIntegrateHierarchy(): initializing convective operator
INSStaggeredHierarchyIntegrator::preprocessIntegrateHierarchy(): initializing velocity subdomain solver
INSStaggeredHierarchyIntegrator::preprocessIntegrateHierarchy(): initializing pressure subdomain solver
INSStaggeredHierarchyIntegrator::preprocessIntegrateHierarchy(): initializing incompressible Stokes solver
IBHierarchyIntegrator::preprocessIntegrateHierarchy(): performing Lagrangian forward Euler step
IBHierarchyIntegrator::advanceHierarchy(): integrating hierarchy
IBHierarchyIntegrator::integrateHierarchy(): computing Lagrangian force
IBHierarchyIntegrator::integrateHierarchy(): spreading Lagrangian force to the Eulerian grid
IBHierarchyIntegrator::integrateHierarchy(): solving the incompressible Navier-Stokes equations
INSStaggeredHierarchyIntegrator::integrateHierarchy(): stokes solve number of iterations = 3
INSStaggeredHierarchyIntegrator::integrateHierarchy(): stokes solve residual norm        = 3.05433e-06
INSStaggeredHierarchyIntegrator::integrateHierarchy(): stokes solve number of iterations = 0
INSStaggeredHierarchyIntegrator::integrateHierarchy(): stokes solve residual norm        = 3.05484e-06
IBHierarchyIntegrator::integrateHierarchy(): interpolating Eulerian velocity to the Lagrangian mesh
IBHierarchyIntegrator::integrateHierarchy(): performing Lagrangian midpoint-rule step
IBHierarchyIntegrator::postprocessIntegrateHierarchy(): interpolating Eulerian velocity to the Lagrangian mesh
IBHierarchyIntegrator::postprocessIntegrateHierarchy(): CFL number = 6.02207e-06
IBHierarchyIntegrator::postprocessIntegrateHierarchy(): Eulerian estimate of upper bound on IB point displacement since last regrid = 6.02207e-06
IBHierarchyIntegrator::advanceHierarchy(): synchronizing updated data
IBHierarchyIntegrator::advanceHierarchy(): resetting time dependent data

At end       of timestep # 0
Simulation time is 0.000625
+++++++++++++++++++++++++++++++++++++++++++++++++++


+++++++++++++++++++++++++++++++++++++++++++++++++++
At beginning of timestep # 1
Simulation time is 0.000625
IBHierarchyIntegrator::advanceHierarchy(): time interval = [0.000625,0.00125], dt = 0.000625
IBHierarchyIntegrator::preprocessIntegrateHierarchy(): performing Lagrangian forward Euler step
IBHierarchyIntegrator::advanceHierarchy(): integrating hierarchy
IBHierarchyIntegrator::integrateHierarchy(): computing Lagrangian force
IBHierarchyIntegrator::integrateHierarchy(): spreading Lagrangian force to the Eulerian grid
IBHierarchyIntegrator::integrateHierarchy(): solving the incompressible Navier-Stokes equations
INSStaggeredHierarchyIntegrator::integrateHierarchy(): stokes solve number of iterations = 3
INSStaggeredHierarchyIntegrator::integrateHierarchy(): stokes solve residual norm        = 2.81535e-06
IBHierarchyIntegrator::integrateHierarchy(): interpolating Eulerian velocity to the Lagrangian mesh
IBHierarchyIntegrator::integrateHierarchy(): performing Lagrangian midpoint-rule step
IBHierarchyIntegrator::postprocessIntegrateHierarchy(): interpolating Eulerian velocity to the Lagrangian mesh
IBHierarchyIntegrator::postprocessIntegrateHierarchy(): CFL number = 5.97511e-06
IBHierarchyIntegrator::postprocessIntegrateHierarchy(): Eulerian estimate of upper bound on IB point displacement since last regrid = 1.19972e-05
IBHierarchyIntegrator::advanceHierarchy(): synchronizing updated data
IBHierarchyIntegrator::advanceHierarchy(): resetting time dependent data

At end       of timestep # 1
Simulation time is 0.00125
+++++++++++++++++++++++++++++++++++++++++++++++++++


+++++++++++++++++++++++++++++++++++++++++++++++++++
At beginning of timestep # 2
Simulation time is 0.00125
IBHierarchyIntegrator::advanceHierarchy(): time interval = [0.00125,0.001875], dt = 0.000625
IBHierarchyIntegrator::preprocessIntegrateHierarchy(): performing Lagrangian forward Euler step
IBHierarchyIntegrator::advanceHierarchy(): integrating hierarchy
IBHierarchyIntegrator::integrateHierarchy(): computing Lagrangian force
IBHierarchyIntegrator::integrateHierarchy(): spreading Lagrangian force to the Eulerian grid
IBHierarchyIntegrator::integrateHierarchy(): solving the incompressible Navier-Stokes equations
INSStaggeredHierarchyIntegrator::integrateHierarchy(): stokes solve number of iterations = 3
INSStaggeredHierarchyIntegrator::integrateHierarchy(): stokes solve residual norm        = 2.5427e-06
IBHierarchyIntegrator::integrateHierarchy(): interpolating Eulerian velocity to the Lagrangian mesh
IBHierarchyIntegrator::integrateHierarchy(): performing Lagrangian midpoint-rule step
IBHierarchyIntegrator::postprocessIntegrateHierarchy(): interpolating Eulerian velocity to the Lagrangian mesh
IBHierarchyIntegrator::postprocessIntegrateHierarchy(): CFL number = 5.95004e-06
IBHierarchyIntegrator::postprocessIntegrateHierarchy(): Eulerian estimate of upper bound on IB point displacement since last regrid = 1.79472e-05
IBHierarchyIntegrator::advanceHierarchy(): synchronizing updated data
IBHierarchyIntegrator::advanceHierarchy(): resetting time dependent data

At end       of timestep # 2
Simulation time is 0.001875
+++++++++++++++++++++++++++++++++++++++++++++++++++


+++++++++++++++++++++++++++++++++++++++++++++++++++
At beginning of timestep # 3
Simulation time is 0.001875
IBHierarchyIntegrator::advanceHierarchy(): time interval = [0.001875,0.0025], dt = 0.000625
IBHierarchyIntegrator::preprocessIntegrateHierarchy(): performing Lagrangian forward Euler step
IBHierarchyIntegrator::advanceHierarchy(): integrating hierarchy
IBHierarchyIntegrator::integrateHierarchy(): computing Lagrangian force
IBHierarchyIntegrator::integrateHierarchy(): spreading Lagrangian force to the Eulerian grid
IBHierarchyIntegrator::integrateHierarchy(): solving the incompressible Navier-Stokes equations
INSStaggeredHierarchyIntegrator::integrateHierarchy(): stokes solve number of iterations = 3
INSStaggeredHierarchyIntegrator::integrateHierarchy(): stokes solve residual norm        = 2.74654e-06
IBHierarchyIntegrator::integrateHierarchy(): interpolating Eulerian velocity to the Lagrangian mesh
IBHierarchyIntegrator::integrateHierarchy(): performing Lagrangian midpoint-rule step
IBHierarchyIntegrator::postprocessIntegrateHierarchy(): interpolating Eulerian velocity to the Lagrangian mesh
IBHierarchyIntegrator::postprocessIntegrateHierarchy(): CFL number = 5.93168e-06
IBHierarchyIntegrator::postprocessIntegrateHierarchy(): Eulerian estimate of upper bound on IB point displacement since last regrid = 2.38789e-05
IBHierarchyIntegrator::advanceHierarchy(): synchronizing updated data
IBHierarchyIntegrator::advanceHierarchy(): resetting time dependent data

At end       of timestep # 3
Simulation time is 0.0025
+++++++++++++++++++++++++++++++++++++++++++++++++++


+++++++++++++++++++++++++++++++++++++++++++++++++++
At beginning of timestep # 4
Simulation time is 0.0025
IBHierarchyIntegrator::advanceHierarchy(): time interval = [0.0025,0.003125], dt = 0.000625
IBHierarchyIntegrator::preprocessIntegrateHierarchy(): performing Lagrangian forward Euler step
IBHierarchyIntegrator::advanceHierarchy(): integrating hierarchy
IBHierarchyIntegrator::integrateHierarchy(): computing Lagrangian force
IBHierarchyIntegrator::integrateHierarchy(): spreading Lagrangian force to the Eulerian grid
IBHierarchyIntegrator::integrateHierarchy(): solving the incompressible Navier-Stokes equations
INSStaggeredHierarchyIntegrator::integrateHierarchy(): stokes solve number of iterations = 3
INSStaggeredHierarchyIntegrator::integrateHierarchy(): stokes solve residual norm        = 3.20957e-06
IBHierarchyIntegrator::integrateHierarchy(): interpolating Eulerian velocity to the Lagrangian mesh
IBHierarchyIntegrator::integrateHierarchy(): performing Lagrangian midpoint-rule step
IBHierarchyIntegrator::postprocessIntegrateHierarchy(): interpolating Eulerian velocity to the Lagrangian mesh
IBHierarchyIntegrator::postprocessIntegrateHierarchy(): CFL number = 5.9187e-06
IBHierarchyIntegrator::postprocessIntegrateHierarchy(): Eulerian estimate of upper bound on IB point displacement since last regrid = 2.97976e-05
IBHierarchyIntegrator::advanceHierarchy(): synchronizing updated data
IBHierarchyIntegrator::advanceHierarchy(): resetting time dependent data

At end       of timestep # 4
Simulation time is 0.003125
+++++++++++++++++++++++++++++++++++++++++++++++++++


+++++++++++++++++++++++++++++++++++++++++++++++++++
At beginning of timestep # 5
Simulation time is 0.003125
IBHierarchyIntegrator::advanceHierarchy(): time interval = [0.003125,0.00375], dt = 0.000625
IBHierarchyIntegrator::preprocessIntegrateHierarchy(): performing Lagrangian forward Euler step
IBHierarchyIntegrator::advanceHierarchy(): integrating hierarchy
IBHierarchyIntegrator::integrateHierarchy(): computing Lagrangian force
IBHierarchyIntegrator::integrateHierarchy(): spreading Lagrangian force to the Eulerian grid
IBHierarchyIntegrator::integrateHierarchy(): solving the incompressible Navier-Stokes equations
INSStaggeredHierarchyIntegrator::integrateHierarchy(): stokes solve number of iterations = 3
INSStaggeredHierarchyIntegrator::integrateHierarchy(): stokes solve residual norm        = 3.83078e-06
IBHierarchyIntegrator::integrateHierarchy(): interpolating Eulerian velocity to the Lagrangian mesh
IBHierarchyIntegrator::integrateHierarchy(): performing Lagrangian midpoint-rule step
IBHierarchyIntegrator::postprocessIntegrateHierarchy(): interpolating Eulerian velocity to the Lagrangian mesh
IBHierarchyIntegrator::postprocessIntegrateHierarchy(): CFL number = 5.90997e-06
IBHierarchyIntegrator::postprocessIntegrateHierarchy(): Eulerian estimate of upper bound on IB point displacement since last regrid = 3.57076e-05
IBHierarchyIntegrator::advanceHierarchy(): synchronizing updated data
IBHierarchyIntegrator::advanceHierarchy(): resetting time dependent data

At end       of timestep # 5
Simulation time is 0.00375
+++++++++++++++++++++++++++++++++++++++++++++++++++


+++++++++++++++++++++++++++++++++++++++++++++++++++
At beginning of timestep # 6
Simulation time is 0.00375
IBHierarchyIntegrator::advanceHierarchy(): time interval = [0.00375,0.004375], dt = 0.000625
IBHierarchyIntegrator::preprocessIntegrateHierarchy(): performing Lagrangian forward Euler step
IBHierarchyIntegrator::advanceHierarchy(): integrating hierarchy
IBHierarchyIntegrator::integrateHierarchy(): computing Lagrangian force
IBHierarchyIntegrator::integrateHierarchy(): spreading Lagrangian force to the Eulerian grid
IBHierarchyIntegrator::integrateHierarchy(): solving the incompressible Navier-Stokes equations
INSStaggeredHierarchyIntegrator::integrateHierarchy(): stokes solve number of iterations = 3
INSStaggeredHierarchyIntegrator::integrateHierarchy(): stokes solve residual norm        = 4.54665e-06
IBHierarchyIntegrator::integrateHierarchy(): interpolating Eulerian velocity to the Lagrangian mesh
IBHierarchyIntegrator::integrateHierarchy(): performing Lagrangian midpoint-rule step
IBHierarchyIntegrator::postprocessIntegrateHierarchy(): interpolating Eulerian velocity to the Lagrangian mesh
IBHierarchyIntegrator::postprocessIntegrateHierarchy(): CFL number = 5.90476e-06
IBHierarchyIntegrator::postprocessIntegrateHierarchy(): Eulerian estimate of upper bound on IB point displacement since last regrid = 4.16123e-05
IBHierarchyIntegrator::advanceHierarchy(): synchronizing updated data
IBHierarchyIntegrator::advanceHierarchy(): resetting time dependent data

At end       of timestep # 6
Simulation time is 0.004375
+++++++++++++++++++++++++++++++++++++++++++++++++++


+++++++++++++++++++++++++++++++++++++++++++++++++++
At beginning of timestep # 7
Simulation time is 0.004375
IBHierarchyIntegrator::advanceHierarchy(): time interval = [0.004375,0.005], dt = 0.000625
IBHierarchyIntegrator::preprocessIntegrateHierarchy(): performing Lagrangian forward Euler step
IBHierarchyIntegrator::advanceHierarchy(): integrating hierarchy
IBHierarchyIntegrator::integrateHierarchy(): computing Lagrangian force
IBHierarchyIntegrator::integrateHierarchy(): spreading Lagrangian force to the Eulerian grid
IBHierarchyIntegrator::integrateHierarchy(): solving the incompressible Navier-Stokes equations
INSStaggeredHierarchyIntegrator::integrateHierarchy(): stokes solve number of iterations = 3
INSStaggeredHierarchyIntegrator::integrateHierarchy(): stokes solve residual norm        = 5.32561e-06
IBHierarchyIntegrator::integrateHierarchy(): interpolating Eulerian velocity to the Lagrangian mesh
IBHierarchyIntegrator::integrateHierarchy(): performing Lagrangian midpoint-rule step
IBHierarchyIntegrator::postprocessIntegrateHierarchy(): interpolating Eulerian velocity to the Lagrangian mesh
IBHierarchyIntegrator::postprocessIntegrateHierarchy(): CFL number = 5.90239e-06
IBHierarchyIntegrator::postprocessIntegrateHierarchy(): Eulerian estimate of upper bound on IB point displacement since last regrid = 4.75147e-05
IBHierarchyIntegrator::advanceHierarchy(): synchronizing updated data
IBHierarchyIntegrator::advanceHierarchy(): resetting time dependent data

At end       of timestep # 7
Simulation time is 0.005
+++++++++++++++++++++++++++++++++++++++++++++++++++


+++++++++++++++++++++++++++++++++++++++++++++++++++
At beginning of timestep # 8
Simulation time is 0.005
IBHierarchyIntegrator::advanceHierarchy(): time interval = [0.005,0.005625], dt = 0.000625
IBHierarchyIntegrator::preprocessIntegrateHierarchy(): performing Lagrangian forward Euler step
IBHierarchyIntegrator::advanceHierarchy(): integrating hierarchy
IBHierarchyIntegrator::integrateHierarchy(): computing Lagrangian force
IBHierarchyIntegrator::integrateHierarchy(): spreading Lagrangian force to the Eulerian grid
IBHierarchyIntegrator::integrateHierarchy(): solving the incompressible Navier-Stokes equations
INSStaggeredHierarchyIntegrator::integrateHierarchy(): stokes solve number of iterations = 3
INSStaggeredHierarchyIntegrator::integrateHierarchy(): stokes solve residual norm        = 6.15454e-06
IBHierarchyIntegrator::integrateHierarchy(): interpolating Eulerian velocity to the Lagrangian mesh
IBHierarchyIntegrator::integrateHierarchy(): performing Lagrangian midpoint-rule step
IBHierarchyIntegrator::postprocessIntegrateHierarchy(): interpolating Eulerian velocity to the Lagrangian mesh
IBHierarchyIntegrator::postprocessIntegrateHierarchy(): CFL number = 5.9023e-06
IBHierarchyIntegrator::postprocessIntegrateHierarchy(): Eulerian estimate of upper bound on IB point displacement since last regrid = 5.3417e-05
IBHierarchyIntegrator::advanceHierarchy(): synchronizing updated data
IBHierarchyIntegrator::advanceHierarchy(): resetting time dependent data

At end       of timestep # 8
Simulation time is 0.005625
+++++++++++++++++++++++++++++++++++++++++++++++++++


+++++++++++++++++++++++++++++++++++++++++++++++++++
At beginning of timestep # 9
Simulation time is 0.005625
IBHierarchyIntegrator::advanceHierarchy(): time interval = [0.005625,0.00625], dt = 0.000625
IBHierarchyIntegrator::preprocessIntegrateHierarchy(): performing Lagrangian forward Euler step
IBHierarchyIntegrator::advanceHierarchy(): integrating hierarchy
IBHierarchyIntegrator::integrateHierarchy(): computing Lagrangian force
IBHierarchyIntegrator::integrateHierarchy(): spreading Lagrangian force to the Eulerian grid
IBHierarchyIntegrator::integrateHierarchy(): solving the incompressible Navier-Stokes equations
INSStaggeredHierarchyIntegrator::integrateHierarchy(): stokes solve number of iterations = 3
INSStaggeredHierarchyIntegrator::integrateHierarchy(): stokes solve residual norm        = 7.03178e-06
IBHierarchyIntegrator::integrateHierarchy(): interpolating Eulerian velocity to the Lagrangian mesh
IBHierarchyIntegrator::integrateHierarchy(): performing Lagrangian midpoint-rule step
IBHierarchyIntegrator::postprocessIntegrateHierarchy(): interpolating Eulerian velocity to the Lagrangian mesh
IBHierarchyIntegrator::postprocessIntegrateHierarchy(): CFL number = 5.90397e-06
IBHierarchyIntegrator::postprocessIntegrateHierarchy(): Eulerian estimate of upper bound on IB point displacement since last regrid = 5.9321e-05
IBHierarchyIntegrator::advanceHierarchy(): synchronizing updated data
IBHierarchyIntegrator::advanceHierarchy(): resetting time dependent data

At end       of timestep # 9
Simulation time is 0.00625
+++++++++++++++++++++++++++++++++++++++++++++++++++


+++++++++++++++++++++++++++++++++++++++++++++++++++
At beginning of timestep # 10
Simulation time is 0.00625
IBHierarchyIntegrator::advanceHierarchy(): time interval = [0.00625,0.006875], dt = 0.000625
IBHierarchyIntegrator::preprocessIntegrateHierarchy(): performing Lagrangian forward Euler step
IBHierarchyIntegrator::advanceHierarchy(): integrating hierarchy
IBHierarchyIntegrator::integrateHierarchy(): computing Lagrangian force
IBHierarchyIntegrator::integrateHierarchy(): spreading Lagrangian force to the Eulerian grid
IBHierarchyIntegrator::integrateHierarchy(): solving the incompressible Navier-Stokes equations
INSStaggeredHierarchyIntegrator::integrateHierarchy(): stokes solve number of iterations = 3
INSStaggeredHierarchyIntegrator::integrateHierarchy(): stokes solve residual norm        = 7.96041e-06
IBHierarchyIntegrator::integrateHierarchy(): interpolating Eulerian velocity to the Lagrangian mesh
IBHierarchyIntegrator::integrateHierarchy(): performing Lagrangian midpoint-rule step
IBHierarchyIntegrator::postprocessIntegrateHierarchy(): interpolating Eulerian velocity to the Lagrangian mesh
IBHierarchyIntegrator::postprocessIntegrateHierarchy(): CFL number = 5.90699e-06
IBHierarchyIntegrator::postprocessIntegrateHierarchy(): Eulerian estimate of upper bound on IB point displacement since last regrid = 6.5228e-05
IBHierarchyIntegrator::advanceHierarchy(): synchronizing updated data
IBHierarchyIntegrator::advanceHierarchy(): resetting time dependent data

At end       of timestep # 10
Simulation time is 0.006875
+++++++++++++++++++++++++++++++++++++++++++++++++++


+++++++++++++++++++++++++++++++++++++++++++++++++++
At beginning of timestep # 11
Simulation time is 0.006875
IBHierarchyIntegrator::advanceHierarchy(): time interval = [0.006875,0.0075], dt = 0.000625
IBHierarchyIntegrator::preprocessIntegrateHierarchy(): performing Lagrangian forward Euler step
IBHierarchyIntegrator::advanceHierarchy(): integrating hierarchy
IBHierarchyIntegrator::integrateHierarchy(): computing Lagrangian force
IBHierarchyIntegrator::integrateHierarchy(): spreading Lagrangian force to the Eulerian grid
IBHierarchyIntegrator::integrateHierarchy(): solving the incompressible Navier-Stokes equations
INSStaggeredHierarchyIntegrator::integrateHierarchy(): stokes solve number of iterations = 3
INSStaggeredHierarchyIntegrator::integrateHierarchy(): stokes solve residual norm        = 8.94479e-06
IBHierarchyIntegrator::integrateHierarchy(): interpolating Eulerian velocity to the Lagrangian mesh
IBHierarchyIntegrator::integrateHierarchy(): performing Lagrangian midpoint-rule step
IBHierarchyIntegrator::postprocessIntegrateHierarchy(): interpolating Eulerian velocity to the Lagrangian mesh
IBHierarchyIntegrator::postprocessIntegrateHierarchy(): CFL number = 5.91098e-06
IBHierarchyIntegrator::postprocessIntegrateHierarchy(): Eulerian estimate of upper bound on IB point displacement since last regrid = 7.11389e-05
IBHierarchyIntegrator::advanceHierarchy(): synchronizing updated data
IBHierarchyIntegrator::advanceHierarchy(): resetting time dependent data

At end       of timestep # 11
Simulation time is 0.0075
+++++++++++++++++++++++++++++++++++++++++++++++++++


+++++++++++++++++++++++++++++++++++++++++++++++++++
At beginning of timestep # 12
Simulation time is 0.0075
IBHierarchyIntegrator::advanceHierarchy(): time interval = [0.0075,0.008125], dt = 0.000625
IBHierarchyIntegrator::preprocessIntegrateHierarchy(): performing Lagrangian forward Euler step
IBHierarchyIntegrator::advanceHierarchy(): integrating hierarchy
IBHierarchyIntegrator::integrateHierarchy(): computing Lagrangian force
IBHierarchyIntegrator::integrateHierarchy(): spreading Lagrangian force to the Eulerian grid
IBHierarchyIntegrator::integrateHierarchy(): solving the incompressible Navier-Stokes equations
INSStaggeredHierarchyIntegrator::integrateHierarchy(): stokes solve number of iterations = 3
INSStaggeredHierarchyIntegrator::integrateHierarchy(): stokes solve residual norm        = 9.98956e-06
IBHierarchyIntegrator::integrateHierarchy(): interpolating Eulerian velocity to the Lagrangian mesh
IBHierarchyIntegrator::integrateHierarchy(): performing Lagrangian midpoint-rule step
IBHierarchyIntegrator::postprocessIntegrateHierarchy(): interpolating Eulerian velocity to the Lagrangian mesh
IBHierarchyIntegrator::postprocessIntegrateHierarchy(): CFL number = 5.91566e-06
IBHierarchyIntegrator::postprocessIntegrateHierarchy(): Eulerian estimate of upper bound on IB point displacement since last regrid = 7.70546e-05
IBHierarchyIntegrator::advanceHierarchy(): synchronizing updated data
IBHierarchyIntegrator::advanceHierarchy(): resetting time dependent data

At end       of timestep # 12
Simulation time is 0.008125
+++++++++++++++++++++++++++++++++++++++++++++++++++


+++++++++++++++++++++++++++++++++++++++++++++++++++
At beginning of timestep # 13
Simulation time is 0.008125
IBHierarchyIntegrator::advanceHierarchy(): time interval = [0.008125,0.00875], dt = 0.000625
IBHierarchyIntegrator::preprocessIntegrateHierarchy(): performing Lagrangian forward Euler step
IBHierarchyIntegrator::advanceHierarchy(): integrating hierarchy
IBHierarchyIntegrator::integrateHierarchy(): computing Lagrangian force
IBHierarchyIntegrator::integrateHierarchy(): spreading Lagrangian force to the Eulerian grid
IBHierarchyIntegrator::integrateHierarchy(): solving the incompressible Navier-Stokes equations
INSStaggeredHierarchyIntegrator::integrateHierarchy(): stokes solve number of iterations = 6
INSStaggeredHierarchyIntegrator::integrateHierarchy(): stokes solve residual norm        = 1.05703e-05
IBHierarchyIntegrator::integrateHierarchy(): interpolating Eulerian velocity to the Lagrangian mesh
IBHierarchyIntegrator::integrateHierarchy(): performing Lagrangian midpoint-rule step
IBHierarchyIntegrator::postprocessIntegrateHierarchy(): interpolating Eulerian velocity to the Lagrangian mesh
IBHierarchyIntegrator::postprocessIntegrateHierarchy(): CFL number = 5.92077e-06
IBHierarchyIntegrator::postprocessIntegrateHierarchy(): Eulerian estimate of upper bound on IB point displacement since last regrid = 8.29754e-05
IBHierarchyIntegrator::advanceHierarchy(): synchronizing updated data
IBHierarchyIntegrator::advanceHierarchy(): resetting time dependent data

At end       of timestep # 13
Simulation time is 0.00875
+++++++++++++++++++++++++++++++++++++++++++++++++++


+++++++++++++++++++++++++++++++++++++++++++++++++++
At beginning of timestep # 14
Simulation time is 0.00875
IBHierarchyIntegrator::advanceHierarchy(): time interval = [0.00875,0.009375], dt = 0.000625
IBHierarchyIntegrator::preprocessIntegrateHierarchy(): performing Lagrangian forward Euler step
IBHierarchyIntegrator::advanceHierarchy(): integrating hierarchy
IBHierarchyIntegrator::integrateHierarchy(): computing Lagrangian force
IBHierarchyIntegrator::integrateHierarchy(): spreading Lagrangian force to the Eulerian grid
IBHierarchyIntegrator::integrateHierarchy(): solving the incompressible Navier-Stokes equations
INSStaggeredHierarchyIntegrator::integrateHierarchy(): stokes solve number of iterations = 7
INSStaggeredHierarchyIntegrator::integrateHierarchy(): stokes solve residual norm        = 9.73819e-06
IBHierarchyIntegrator::integrateHierarchy(): interpolating Eulerian velocity to the Lagrangian mesh
IBHierarchyIntegrator::integrateHierarchy(): performing Lagrangian midpoint-rule step
IBHierarchyIntegrator::postprocessIntegrateHierarchy(): interpolating Eulerian velocity to the Lagrangian mesh
IBHierarchyIntegrator::postprocessIntegrateHierarchy(): CFL number = 5.92611e-06
IBHierarchyIntegrator::postprocessIntegrateHierarchy(): Eulerian estimate of upper bound on IB point displacement since last regrid = 8.89015e-05
IBHierarchyIntegrator::advanceHierarchy(): synchronizing updated data
IBHierarchyIntegrator::advanceHierarchy(): resetting time dependent data

At end       of timestep # 14
Simulation time is 0.009375
+++++++++++++++++++++++++++++++++++++++++++++++++++


+++++++++++++++++++++++++++++++++++++++++++++++++++
At beginning of timestep # 15
Simulation time is 0.009375
IBHierarchyIntegrator::advanceHierarchy(): time interval = [0.009375,0.01], dt = 0.000625
IBHierarchyIntegrator::preprocessIntegrateHierarchy(): performing Lagrangian forward Euler step
IBHierarchyIntegrator::advanceHierarchy(): integrating hierarchy
IBHierarchyIntegrator::integrateHierarchy(): computing Lagrangian force
IBHierarchyIntegrator::integrateHierarchy(): spreading Lagrangian force to the Eulerian grid
IBHierarchyIntegrator::integrateHierarchy(): solving the incompressible Navier-Stokes equations
INSStaggeredHierarchyIntegrator::integrateHierarchy(): stokes solve number of iterations = 7
INSStaggeredHierarchyIntegrator::integrateHierarchy(): stokes solve residual norm        = 9.69132e-06
IBHierarchyIntegrator::integrateHierarchy(): interpolating Eulerian velocity to the Lagrangian mesh
IBHierarchyIntegrator::integrateHierarchy(): performing Lagrangian midpoint-rule step
IBHierarchyIntegrator::postprocessIntegrateHierarchy(): interpolating Eulerian velocity to the Lagrangian mesh
IBHierarchyIntegrator::postprocessIntegrateHierarchy(): CFL number = 5.93169e-06
IBHierarchyIntegrator::postprocessIntegrateHierarchy(): Eulerian estimate of upper bound on IB point displacement since last regrid = 9.48332e-05
IBHierarchyIntegrator::advanceHierarchy(): synchronizing updated data
IBHierarchyIntegrator::advanceHierarchy(): resetting time dependent data

At end       of timestep # 15
Simulation time is 0.01
+++++++++++++++++++++++++++++++++++++++++++++++++++


+++++++++++++++++++++++++++++++++++++++++++++++++++
At beginning of timestep # 16
Simulation time is 0.01
IBHierarchyIntegrator::advanceHierarchy(): time interval = [0.01,0.010625], dt = 0.000625
IBHierarchyIntegrator::preprocessIntegrateHierarchy(): performing Lagrangian forward Euler step
IBHierarchyIntegrator::advanceHierarchy(): integrating hierarchy
IBHierarchyIntegrator::integrateHierarchy(): computing Lagrangian force
IBHierarchyIntegrator::integrateHierarchy(): spreading Lagrangian force to the Eulerian grid
IBHierarchyIntegrator::integrateHierarchy(): solving the incompressible Navier-Stokes equations
INSStaggeredHierarchyIntegrator::integrateHierarchy(): stokes solve number of iterations = 7
INSStaggeredHierarchyIntegrator::integrateHierarchy(): stokes solve residual norm        = 9.61534e-06
IBHierarchyIntegrator::integrateHierarchy(): interpolating Eulerian velocity to the Lagrangian mesh
IBHierarchyIntegrator::integrateHierarchy(): performing Lagrangian midpoint-rule step
IBHierarchyIntegrator::postprocessIntegrateHierarchy(): interpolating Eulerian velocity to the Lagrangian mesh
IBHierarchyIntegrator::postprocessIntegrateHierarchy(): CFL number = 5.93839e-06
IBHierarchyIntegrator::postprocessIntegrateHierarchy(): Eulerian estimate of upper bound on IB point displacement since last regrid = 0.000100772
IBHierarchyIntegrator::advanceHierarchy(): synchronizing updated data
IBHierarchyIntegrator::advanceHierarchy(): resetting time dependent data

At end       of timestep # 16
Simulation time is 0.010625
+++++++++++++++++++++++++++++++++++++++++++++++++++


+++++++++++++++++++++++++++++++++++++++++++++++++++
At beginning of timestep # 17
Simulation time is 0.010625
IBHierarchyIntegrator::advanceHierarchy(): time interval = [0.010625,0.01125], dt = 0.000625
IBHierarchyIntegrator::preprocessIntegrateHierarchy(): performing Lagrangian forward Euler step
IBHierarchyIntegrator::advanceHierarchy(): integrating hierarchy
IBHierarchyIntegrator::integrateHierarchy(): computing Lagrangian force
IBHierarchyIntegrator::integrateHierarchy(): spreading Lagrangian force to the Eulerian grid
IBHierarchyIntegrator::integrateHierarchy(): solving the incompressible Navier-Stokes equations
INSStaggeredHierarchyIntegrator::integrateHierarchy(): stokes solve number of iterations = 7
INSStaggeredHierarchyIntegrator::integrateHierarchy(): stokes solve residual norm        = 9.50262e-06
IBHierarchyIntegrator::integrateHierarchy(): interpolating Eulerian velocity to the Lagrangian mesh
IBHierarchyIntegrator::integrateHierarchy(): performing Lagrangian midpoint-rule step
IBHierarchyIntegrator::postprocessIntegrateHierarchy(): interpolating Eulerian velocity to the Lagrangian mesh
IBHierarchyIntegrator::postprocessIntegrateHierarchy(): CFL number = 5.94493e-06
IBHierarchyIntegrator::postprocessIntegrateHierarchy(): Eulerian estimate of upper bound on IB point displacement since last regrid = 0.000106716
IBHierarchyIntegrator::advanceHierarchy(): synchronizing updated data
IBHierarchyIntegrator::advanceHierarchy(): resetting time dependent data

At end       of timestep # 17
Simulation time is 0.01125
+++++++++++++++++++++++++++++++++++++++++++++++++++


+++++++++++++++++++++++++++++++++++++++++++++++++++
At beginning of timestep # 18
Simulation time is 0.01125
IBHierarchyIntegrator::advanceHierarchy(): time interval = [0.01125,0.011875], dt = 0.000625
IBHierarchyIntegrator::preprocessIntegrateHierarchy(): performing Lagrangian forward Euler step
IBHierarchyIntegrator::advanceHierarchy(): integrating hierarchy
IBHierarchyIntegrator::integrateHierarchy(): computing Lagrangian force
IBHierarchyIntegrator::integrateHierarchy(): spreading Lagrangian force to the Eulerian grid
IBHierarchyIntegrator::integrateHierarchy(): solving the incompressible Navier-Stokes equations
INSStaggeredHierarchyIntegrator::integrateHierarchy(): stokes solve number of iterations = 7
INSStaggeredHierarchyIntegrator::integrateHierarchy(): stokes solve residual norm        = 9.35491e-06
IBHierarchyIntegrator::integrateHierarchy(): interpolating Eulerian velocity to the Lagrangian mesh
IBHierarchyIntegrator::integrateHierarchy(): performing Lagrangian midpoint-rule step
IBHierarchyIntegrator::postprocessIntegrateHierarchy(): interpolating Eulerian velocity to the Lagrangian mesh
IBHierarchyIntegrator::postprocessIntegrateHierarchy(): CFL number = 5.95118e-06
IBHierarchyIntegrator::postprocessIntegrateHierarchy(): Eulerian estimate of upper bound on IB point displacement since last regrid = 0.000112668
IBHierarchyIntegrator::advanceHierarchy(): synchronizing updated data
IBHierarchyIntegrator::advanceHierarchy(): resetting time dependent data

At end       of timestep # 18
Simulation time is 0.011875
+++++++++++++++++++++++++++++++++++++++++++++++++++


+++++++++++++++++++++++++++++++++++++++++++++++++++
At beginning of timestep # 19
Simulation time is 0.011875
IBHierarchyIntegrator::advanceHierarchy(): time interval = [0.011875,0.0125], dt = 0.000625
IBHierarchyIntegrator::preprocessIntegrateHierarchy(): performing Lagrangian forward Euler step
IBHierarchyIntegrator::advanceHierarchy(): integrating hierarchy
IBHierarchyIntegrator::integrateHierarchy(): computing Lagrangian force
IBHierarchyIntegrator::integrateHierarchy(): spreading Lagrangian force to the Eulerian grid
IBHierarchyIntegrator::integrateHierarchy(): solving the incompressible Navier-Stokes equations
INSStaggeredHierarchyIntegrator::integrateHierarchy(): stokes solve number of iterations = 7
INSStaggeredHierarchyIntegrator::integrateHierarchy(): stokes solve residual norm        = 9.17739e-06
IBHierarchyIntegrator::integrateHierarchy(): interpolating Eulerian velocity to the Lagrangian mesh
IBHierarchyIntegrator::integrateHierarchy(): performing Lagrangian midpoint-rule step
IBHierarchyIntegrator::postprocessIntegrateHierarchy(): interpolating Eulerian velocity to the Lagrangian mesh
IBHierarchyIntegrator::postprocessIntegrateHierarchy(): CFL number = 5.96019e-06
IBHierarchyIntegrator::postprocessIntegrateHierarchy(): Eulerian estimate of upper bound on IB point displacement since last regrid = 0.000118628
IBHierarchyIntegrator::advanceHierarchy(): synchronizing updated data
IBHierarchyIntegrator::advanceHierarchy(): resetting time dependent data

At end       of timestep # 19
Simulation time is 0.0125
+++++++++++++++++++++++++++++++++++++++++++++++++++


+++++++++++++++++++++++++++++++++++++++++++++++++++
At beginning of timestep # 20
Simulation time is 0.0125
IBHierarchyIntegrator::advanceHierarchy(): time interval = [0.0125,0.013125], dt = 0.000625
IBHierarchyIntegrator::preprocessIntegrateHierarchy(): performing Lagrangian forward Euler step
IBHierarchyIntegrator::advanceHierarchy(): integrating hierarchy
IBHierarchyIntegrator::integrateHierarchy(): computing Lagrangian force
IBHierarchyIntegrator::integrateHierarchy(): spreading Lagrangian force to the Eulerian grid
IBHierarchyIntegrator::integrateHierarchy(): solving the incompressible Navier-Stokes equations
INSStaggeredHierarchyIntegrator::integrateHierarchy(): stokes solve number of iterations = 6
INSStaggeredHierarchyIntegrator::integrateHierarchy(): stokes solve residual norm        = 1.07483e-05
IBHierarchyIntegrator::integrateHierarchy(): interpolating Eulerian velocity to the Lagrangian mesh
IBHierarchyIntegrator::integrateHierarchy(): performing Lagrangian midpoint-rule step
IBHierarchyIntegrator::postprocessIntegrateHierarchy(): interpolating Eulerian velocity to the Lagrangian mesh
IBHierarchyIntegrator::postprocessIntegrateHierarchy(): CFL number = 5.96898e-06
IBHierarchyIntegrator::postprocessIntegrateHierarchy(): Eulerian estimate of upper bound on IB point displacement since last regrid = 0.000124597
IBHierarchyIntegrator::advanceHierarchy(): synchronizing updated data
IBHierarchyIntegrator::advanceHierarchy(): resetting time dependent data

At end       of timestep # 20
Simulation time is 0.013125
+++++++++++++++++++++++++++++++++++++++++++++++++++


+++++++++++++++++++++++++++++++++++++++++++++++++++
At beginning of timestep # 21
Simulation time is 0.013125
IBHierarchyIntegrator::advanceHierarchy(): time interval = [0.013125,0.01375], dt = 0.000625
IBHierarchyIntegrator::preprocessIntegrateHierarchy(): performing Lagrangian forward Euler step
IBHierarchyIntegrator::advanceHierarchy(): integrating hierarchy
IBHierarchyIntegrator::integrateHierarchy(): computing Lagrangian force
IBHierarchyIntegrator::integrateHierarchy(): spreading Lagrangian force to the Eulerian grid
IBHierarchyIntegrator::integrateHierarchy(): solving the incompressible Navier-Stokes equations
INSStaggeredHierarchyIntegrator::integrateHierarchy(): stokes solve number of iterations = 7
INSStaggeredHierarchyIntegrator::integrateHierarchy(): stokes solve residual norm        = 9.52417e-06
IBHierarchyIntegrator::integrateHierarchy(): interpolating Eulerian velocity to the Lagrangian mesh
IBHierarchyIntegrator::integrateHierarchy(): performing Lagrangian midpoint-rule step
IBHierarchyIntegrator::postprocessIntegrateHierarchy(): interpolating Eulerian velocity to the Lagrangian mesh
IBHierarchyIntegrator::postprocessIntegrateHierarchy(): CFL number = 5.977e-06
IBHierarchyIntegrator::postprocessIntegrateHierarchy(): Eulerian estimate of upper bound on IB point displacement since last regrid = 0.000130574
IBHierarchyIntegrator::advanceHierarchy(): synchronizing updated data
IBHierarchyIntegrator::advanceHierarchy(): resetting time dependent data

At end       of timestep # 21
Simulation time is 0.01375
+++++++++++++++++++++++++++++++++++++++++++++++++++


+++++++++++++++++++++++++++++++++++++++++++++++++++
At beginning of timestep # 22
Simulation time is 0.01375
IBHierarchyIntegrator::advanceHierarchy(): time interval = [0.01375,0.014375], dt = 0.000625
IBHierarchyIntegrator::preprocessIntegrateHierarchy(): performing Lagrangian forward Euler step
IBHierarchyIntegrator::advanceHierarchy(): integrating hierarchy
IBHierarchyIntegrator::integrateHierarchy(): computing Lagrangian force
IBHierarchyIntegrator::integrateHierarchy(): spreading Lagrangian force to the Eulerian grid
IBHierarchyIntegrator::integrateHierarchy(): solving the incompressible Navier-Stokes equations
INSStaggeredHierarchyIntegrator::integrateHierarchy(): stokes solve number of iterations = 7
INSStaggeredHierarchyIntegrator::integrateHierarchy(): stokes solve residual norm        = 9.31293e-06
IBHierarchyIntegrator::integrateHierarchy(): interpolating Eulerian velocity to the Lagrangian mesh
IBHierarchyIntegrator::integrateHierarchy(): performing Lagrangian midpoint-rule step
IBHierarchyIntegrator::postprocessIntegrateHierarchy(): interpolating Eulerian velocity to the Lagrangian mesh
IBHierarchyIntegrator::postprocessIntegrateHierarchy(): CFL number = 5.98421e-06
IBHierarchyIntegrator::postprocessIntegrateHierarchy(): Eulerian estimate of upper bound on IB point displacement since last regrid = 0.000136558
IBHierarchyIntegrator::advanceHierarchy(): synchronizing updated data
IBHierarchyIntegrator::advanceHierarchy(): resetting time dependent data

At end       of timestep # 22
Simulation time is 0.014375
+++++++++++++++++++++++++++++++++++++++++++++++++++


+++++++++++++++++++++++++++++++++++++++++++++++++++
At beginning of timestep # 23
Simulation time is 0.014375
IBHierarchyIntegrator::advanceHierarchy(): time interval = [0.014375,0.015], dt = 0.000625
IBHierarchyIntegrator::preprocessIntegrateHierarchy(): performing Lagrangian forward Euler step
IBHierarchyIntegrator::advanceHierarchy(): integrating hierarchy
IBHierarchyIntegrator::integrateHierarchy(): computing Lagrangian force
IBHierarchyIntegrator::integrateHierarchy(): spreading Lagrangian force to the Eulerian grid
IBHierarchyIntegrator::integrateHierarchy(): solving the incompressible Navier-Stokes equations
