
IIMethod: mesh part 0 is using FIRST order LAGRANGE finite elements.


IIMethod: mesh part 1 is using FIRST order LAGRANGE finite elements.

IBHierarchyIntegrator::initializePatchHierarchy(): tag_buffer = 0
INSStaggeredHierarchyIntegrator::initializeCompositeHierarchyData():
  projecting the interpolated velocity field
INSStaggeredHierarchyIntegrator::regridProjection(): regrid projection solve number of iterations = 0
INSStaggeredHierarchyIntegrator::regridProjection(): regrid projection solve residual norm        = 0
Input database:
input_db {
   Re                                    = 25               // input used
   R                                     = 0.05             // input used
   D                                     = 0.1              // input used
   RHO                                   = 1                // input used
   U_MAX                                 = 0.01             // input used
   MU                                    = 4e-05            // input used
   L                                     = 0.5              // input used
   MAX_LEVELS                            = 1                // input used
   REF_RATIO                             = 2                // input used
   N                                     = 32               // input used
   NFINEST                               = 32               // input used
   DX0                                   = 0.015625         // input not used
   DX                                    = 0.015625         // input used
   MFAC                                  = 1                // input used
   ELEM_TYPE                             = "TRI3"           // input used
   elem_order                            = "FIRST"          // input not used
   LEFT_END                              = -0.25            // input used
   RIGHT_END                             = 0.25             // input used
   SEPARATION                            = 0.0416667        // input used
   UPPER_DRIFT_VELOCITY                  = -0.01            // input used
   LOWER_DRIFT_VELOCITY                  = 0.01             // input used
   PK1_DEV_QUAD_ORDER                    = "SEVENTH"        // input not used
   PK1_DIL_QUAD_ORDER                    = "FIFTH"          // input not used
   USE_BOUNDARY_MESH                     = TRUE             // input not used
   CREEPING_FLOW                         = FALSE            // input used
   IB_DELTA_FUNCTION                     = "IB_3"           // input used
   SPLIT_FORCES                          = TRUE             // input used
   USE_PRESSURE_JUMP_CONDITIONS          = TRUE             // input used
   USE_VELOCITY_JUMP_CONDITIONS          = TRUE             // input used
   WSS_CALC_WIDTH                        = 1.05             // input used
   P_CALC_WIDTH                          = 1.3              // input used
   USE_CONSISTENT_MASS_MATRIX            = TRUE             // input used
   NORMALIZE_PRESSURE_JUMP               = FALSE            // input used
   IB_POINT_DENSITY                      = 4                // input used
   START_TIME                            = 0                // input used
   GROW_DT                               = 2                // input used
   NUM_CYCLES                            = 1                // input used
   CONVECTIVE_TS_TYPE                    = "ADAMS_BASHFORTH" // input used
   CONVECTIVE_OP_TYPE                    = "STABILIZED_PPM" // input used
   CONVECTIVE_FORM                       = "ADVECTIVE"      // input used
   NORMALIZE_PRESSURE                    = FALSE            // input used
   CFL_MAX                               = 0.1              // input used
   DT                                    = 7.8125e-05       // input used
   COMPUTE_FLUID_TRACTION                = FALSE            // input used
   END_TIME                              = 1                // input used
   ERROR_ON_DT_CHANGE                    = TRUE             // input used
   VORTICITY_TAGGING                     = TRUE             // input used
   TAG_BUFFER                            = 1                // input used
   REGRID_CFL_INTERVAL                   = 0.5              // input used
   OUTPUT_U                              = TRUE             // input used
   OUTPUT_P                              = TRUE             // input used
   OUTPUT_F                              = TRUE             // input used
   OUTPUT_OMEGA                          = TRUE             // input used
   OUTPUT_DIV_U                          = TRUE             // input used
   ENABLE_LOGGING                        = TRUE             // input used
   C_K                                   = 12               // input not used
   KAPPA_S                               = 19000            // input used
   ETA_S                                 = 0                // input used
   USE_CIRCLE                            = TRUE             // input used
   USE_TANH_VELOCITY                     = FALSE            // input used
   USE_SECOND_VELOCITY_CORRECTION        = TRUE             // input used
   STARTING_DISPLACEMENT                 = 0.01             // input used
   USE_CURR_MESH_CONFIG                  = TRUE             // input used
   USE_HANDFILLED_JC_FOR_FORCE_SPREADING = FALSE            // input used
   USE_HANDFILLED_JC_FOR_INTERPOLATION   = FALSE            // input used
   HANDFILLED_JC                         = -0.48            // input used
   U_INFLOW                              = "sqrt((X1)*(X1))  <= SEPARATION/2 ? LOWER_DRIFT_VELOCITY + (X1 + SEPARATION/2)*(UPPER_DRIFT_VELOCITY - LOWER_DRIFT_VELOCITY)/SEPARATION : ( (X1 < -SEPARATION/2) ? 0 + (X1 - (-L/2))* (LOWER_DRIFT_VELOCITY - 0)/(-SEPARATION/2 - (-L/2)) : UPPER_DRIFT_VELOCITY + (X1 - SEPARATION/2)*(0 - UPPER_DRIFT_VELOCITY)/(L/2 - SEPARATION/2) )" // input used
   VelocityBcCoefs_0 {
      acoef_function_0 = "0.0"                              // input not used
      acoef_function_1 = "0.0"                              // input not used
      acoef_function_2 = "1.0"                              // input not used
      acoef_function_3 = "0.0"                              // input not used
      bcoef_function_0 = "1.0"                              // input not used
      bcoef_function_1 = "1.0"                              // input not used
      bcoef_function_2 = "0.0"                              // input not used
      bcoef_function_3 = "1.0"                              // input not used
      gcoef_function_0 = "0.0"                              // input not used
      gcoef_function_1 = "0.0"                              // input not used
      gcoef_function_2 = "0.0"                              // input not used
      gcoef_function_3 = "0.0"                              // input not used
   }
   VelocityBcCoefs_1 {
      acoef_function_0 = "0.0"                              // input not used
      acoef_function_1 = "0.0"                              // input not used
      acoef_function_2 = "1.0"                              // input not used
      acoef_function_3 = "0.0"                              // input not used
      bcoef_function_0 = "1.0"                              // input not used
      bcoef_function_1 = "1.0"                              // input not used
      bcoef_function_2 = "0.0"                              // input not used
      bcoef_function_3 = "1.0"                              // input not used
      gcoef_function_0 = "0.0"                              // input not used
      gcoef_function_1 = "0.0"                              // input not used
      gcoef_function_2 = "0.0"                              // input not used
      gcoef_function_3 = "0.0"                              // input not used
   }
   VelocityInitialConditions {
      SEPARATION           = 0.0416667                      // input used
      L                    = 0.5                            // input used
      LOWER_DRIFT_VELOCITY = 0.01                           // input used
      UPPER_DRIFT_VELOCITY = -0.01                          // input used
      U_INFLOW             = "sqrt((X1)*(X1))  <= SEPARATION/2 ? LOWER_DRIFT_VELOCITY + (X1 + SEPARATION/2)*(UPPER_DRIFT_VELOCITY - LOWER_DRIFT_VELOCITY)/SEPARATION : ( (X1 < -SEPARATION/2) ? 0 + (X1 - (-L/2))* (LOWER_DRIFT_VELOCITY - 0)/(-SEPARATION/2 - (-L/2)) : UPPER_DRIFT_VELOCITY + (X1 - SEPARATION/2)*(0 - UPPER_DRIFT_VELOCITY)/(L/2 - SEPARATION/2) )" // input not used
      function_0           = "0.0"                          // input used
      function_1           = "0.0"                          // input used
   }
   IBHierarchyIntegrator {
      start_time          = 0                               // input used
      end_time            = 1                               // input used
      grow_dt             = 2                               // input used
      num_cycles          = 1                               // input used
      regrid_cfl_interval = 0.5                             // input used
      dt_max              = 7.8125e-05                      // input used
      error_on_dt_change  = TRUE                            // input used
      enable_logging      = TRUE                            // input used
   }
   IIMethod {
      IB_delta_fcn                          = "IB_3"        // input used
      split_forces                          = TRUE          // input not used
      use_pressure_jump_conditions          = TRUE          // input used
      use_velocity_jump_conditions          = TRUE          // input used
      use_consistent_mass_matrix            = TRUE          // input used
      IB_point_density                      = 4             // input used
      wss_calc_width                        = 1.05          // input used
      p_calc_width                          = 1.3           // input not used
      min_ghost_cell_width                  = 6             // input used
      normalize_pressure_jump               = FALSE         // input not used
      use_current_mesh_configuration        = TRUE          // input used
      use_second_velocity_correction        = TRUE          // input used
      compute_fluid_traction                = FALSE         // input used
      use_handfilled_jc_for_interpolation   = FALSE         // input used
      use_handfilled_jc_for_force_spreading = FALSE         // input used
      handfilled_jc                         = -0.48         // input used
   }
   INSStaggeredHierarchyIntegrator {
      mu                            = 4e-05                 // input used
      rho                           = 1                     // input used
      start_time                    = 0                     // input used
      end_time                      = 1                     // input used
      creeping_flow                 = FALSE                 // input used
      grow_dt                       = 2                     // input used
      convective_time_stepping_type = "ADAMS_BASHFORTH"     // input used
      convective_op_type            = "STABILIZED_PPM"      // input used
      convective_difference_form    = "ADVECTIVE"           // input used
      normalize_pressure            = FALSE                 // input used
      cfl                           = 0.1                   // input used
      dt_max                        = 7.8125e-05            // input used
      using_vorticity_tagging       = TRUE                  // input used
      vorticity_rel_thresh          = 0.01                  // input used
      tag_buffer                    = 1                     // input used
      output_U                      = TRUE                  // input used
      output_P                      = TRUE                  // input used
      output_F                      = TRUE                  // input used
      output_Omega                  = TRUE                  // input used
      output_Div_U                  = TRUE                  // input used
      enable_logging                = TRUE                  // input used
      U_P_bdry_interp_type          = "LINEAR"              // from default
   }
   Main {
      log_file_name               = "II_2D_N_128_pbc_normjump.log" // input used
      log_all_nodes               = FALSE                   // input used
      viz_writer                  = "VisIt", "ExodusII"     // input used
      viz_dump_interval           = 639                     // input used
      viz_dump_dirname            = "viz_2_cut"             // input used
      visit_number_procs_per_file = 1                       // input used
      restart_dump_interval       = 0                       // input used
      restart_dump_dirname        = "restart_IB2d"          // input used
      data_dump_interval          = 127                     // input used
      data_dump_dirname           = "hier_data_IIM_2_cut_N=64" // input used
      timer_dump_interval         = 0                       // input used
   }
   CartesianGeometry {
      domain_boxes       = [(0,0),(31,31)]                  // input used
      x_lo               = -0.25, -0.25                     // input used
      x_up               = 0.25, 0.25                       // input used
      periodic_dimension = 1, 1                             // input used
   }
   GriddingAlgorithm {
      max_levels                = 1                         // input used
      efficiency_tolerance      = 0.85                      // input used
      combine_efficiency        = 0.85                      // input used
      check_nonrefined_tags     = 'w'                       // from default
      check_overlapping_patches = 'i'                       // from default
      extend_tags_to_bdry       = FALSE                     // from default
      ratio_to_coarser {
         level_1 = 2, 2                                     // input not used
         level_2 = 2, 2                                     // input not used
         level_3 = 2, 2                                     // input not used
         level_4 = 2, 2                                     // input not used
         level_5 = 2, 2                                     // input not used
      }
      largest_patch_size {
         level_0 = 32, 32                                   // input used
      }
      smallest_patch_size {
         level_0 = 32, 32                                   // input used
      }
   }
   StandardTagAndInitialize {
      tagging_method = "GRADIENT_DETECTOR"                  // input used
   }
   LoadBalancer {
      bin_pack_method                      = "SPATIAL"      // input used
      max_workload_factor                  = 1              // input used
      ignore_level_box_union_is_single_box = FALSE          // from default
   }
   TimerManager {
      print_exclusive      = FALSE                          // input used
      print_total          = TRUE                           // input used
      print_threshold      = 0.1                            // input used
      timer_list           = "IBAMR::*::*", "IBTK::*::*", "*::*::*" // input used
      print_processor      = TRUE                           // from default
      print_max            = FALSE                          // from default
      print_summed         = FALSE                          // from default
      print_user           = FALSE                          // from default
      print_sys            = FALSE                          // from default
      print_wall           = TRUE                           // from default
      print_percentage     = TRUE                           // from default
      print_concurrent     = FALSE                          // from default
      print_timer_overhead = FALSE                          // from default
   }
}


Writing visualization files...


+++++++++++++++++++++++++++++++++++++++++++++++++++
At beginning of timestep # 0
Simulation time is 0
IBHierarchyIntegrator::advanceHierarchy(): time interval = [0,7.8125e-05], dt = 7.8125e-05
IBHierarchyIntegrator::advanceHierarchy(): regridding prior to timestep 0
IBHierarchyIntegrator::regridHierarchy(): starting Lagrangian data movement
IBHierarchyIntegrator::regridHierarchy(): regridding the patch hierarchy
IBHierarchyIntegrator::regridHierarchy(): finishing Lagrangian data movement
INSStaggeredHierarchyIntegrator::preprocessIntegrateHierarchy(): initializing convective operator
INSStaggeredHierarchyIntegrator::preprocessIntegrateHierarchy(): initializing velocity subdomain solver
INSStaggeredHierarchyIntegrator::preprocessIntegrateHierarchy(): initializing pressure subdomain solver
INSStaggeredHierarchyIntegrator::preprocessIntegrateHierarchy(): initializing incompressible Stokes solver
IBHierarchyIntegrator::preprocessIntegrateHierarchy(): performing Lagrangian forward Euler step
IBHierarchyIntegrator::advanceHierarchy(): integrating hierarchy
IBHierarchyIntegrator::integrateHierarchy(): computing Lagrangian force
IBHierarchyIntegrator::integrateHierarchy(): spreading Lagrangian force to the Eulerian grid
IBHierarchyIntegrator::integrateHierarchy(): solving the incompressible Navier-Stokes equations
INSStaggeredHierarchyIntegrator::integrateHierarchy(): stokes solve number of iterations = 3
INSStaggeredHierarchyIntegrator::integrateHierarchy(): stokes solve residual norm        = 5.94662e-08
INSStaggeredHierarchyIntegrator::integrateHierarchy(): stokes solve number of iterations = 0
INSStaggeredHierarchyIntegrator::integrateHierarchy(): stokes solve residual norm        = 5.94567e-08
IBHierarchyIntegrator::integrateHierarchy(): interpolating Eulerian velocity to the Lagrangian mesh
IBHierarchyIntegrator::integrateHierarchy(): performing Lagrangian midpoint-rule step
IBHierarchyIntegrator::postprocessIntegrateHierarchy(): interpolating Eulerian velocity to the Lagrangian mesh
IBHierarchyIntegrator::postprocessIntegrateHierarchy(): CFL number = 1.2694e-07
IBHierarchyIntegrator::postprocessIntegrateHierarchy(): Eulerian estimate of upper bound on IB point displacement since last regrid = 1.2694e-07
IBHierarchyIntegrator::advanceHierarchy(): synchronizing updated data
IBHierarchyIntegrator::advanceHierarchy(): resetting time dependent data

At end       of timestep # 0
Simulation time is 7.8125e-05
+++++++++++++++++++++++++++++++++++++++++++++++++++


+++++++++++++++++++++++++++++++++++++++++++++++++++
At beginning of timestep # 1
Simulation time is 7.8125e-05
IBHierarchyIntegrator::advanceHierarchy(): time interval = [7.8125e-05,0.00015625], dt = 7.8125e-05
IBHierarchyIntegrator::preprocessIntegrateHierarchy(): performing Lagrangian forward Euler step
IBHierarchyIntegrator::advanceHierarchy(): integrating hierarchy
IBHierarchyIntegrator::integrateHierarchy(): computing Lagrangian force
IBHierarchyIntegrator::integrateHierarchy(): spreading Lagrangian force to the Eulerian grid
IBHierarchyIntegrator::integrateHierarchy(): solving the incompressible Navier-Stokes equations
INSStaggeredHierarchyIntegrator::integrateHierarchy(): stokes solve number of iterations = 3
INSStaggeredHierarchyIntegrator::integrateHierarchy(): stokes solve residual norm        = 2.59775e-06
IBHierarchyIntegrator::integrateHierarchy(): interpolating Eulerian velocity to the Lagrangian mesh
IBHierarchyIntegrator::integrateHierarchy(): performing Lagrangian midpoint-rule step
IBHierarchyIntegrator::postprocessIntegrateHierarchy(): interpolating Eulerian velocity to the Lagrangian mesh
IBHierarchyIntegrator::postprocessIntegrateHierarchy(): CFL number = 1.57643e-05
IBHierarchyIntegrator::postprocessIntegrateHierarchy(): Eulerian estimate of upper bound on IB point displacement since last regrid = 1.58912e-05
IBHierarchyIntegrator::advanceHierarchy(): synchronizing updated data
IBHierarchyIntegrator::advanceHierarchy(): resetting time dependent data

At end       of timestep # 1
Simulation time is 0.00015625
+++++++++++++++++++++++++++++++++++++++++++++++++++


+++++++++++++++++++++++++++++++++++++++++++++++++++
At beginning of timestep # 2
Simulation time is 0.00015625
IBHierarchyIntegrator::advanceHierarchy(): time interval = [0.00015625,0.000234375], dt = 7.8125e-05
IBHierarchyIntegrator::preprocessIntegrateHierarchy(): performing Lagrangian forward Euler step
IBHierarchyIntegrator::advanceHierarchy(): integrating hierarchy
IBHierarchyIntegrator::integrateHierarchy(): computing Lagrangian force
IBHierarchyIntegrator::integrateHierarchy(): spreading Lagrangian force to the Eulerian grid
IBHierarchyIntegrator::integrateHierarchy(): solving the incompressible Navier-Stokes equations
INSStaggeredHierarchyIntegrator::integrateHierarchy(): stokes solve number of iterations = 3
INSStaggeredHierarchyIntegrator::integrateHierarchy(): stokes solve residual norm        = 0.000769308
IBHierarchyIntegrator::integrateHierarchy(): interpolating Eulerian velocity to the Lagrangian mesh
IBHierarchyIntegrator::integrateHierarchy(): performing Lagrangian midpoint-rule step
IBHierarchyIntegrator::postprocessIntegrateHierarchy(): interpolating Eulerian velocity to the Lagrangian mesh
IBHierarchyIntegrator::postprocessIntegrateHierarchy(): CFL number = 0.00330036
IBHierarchyIntegrator::postprocessIntegrateHierarchy(): Eulerian estimate of upper bound on IB point displacement since last regrid = 0.00331625
IBHierarchyIntegrator::advanceHierarchy(): synchronizing updated data
IBHierarchyIntegrator::advanceHierarchy(): resetting time dependent data

At end       of timestep # 2
Simulation time is 0.000234375
+++++++++++++++++++++++++++++++++++++++++++++++++++


+++++++++++++++++++++++++++++++++++++++++++++++++++
At beginning of timestep # 3
Simulation time is 0.000234375
IBHierarchyIntegrator::advanceHierarchy(): time interval = [0.000234375,0.0003125], dt = 7.8125e-05
IBHierarchyIntegrator::preprocessIntegrateHierarchy(): performing Lagrangian forward Euler step
IBHierarchyIntegrator::advanceHierarchy(): integrating hierarchy
IBHierarchyIntegrator::integrateHierarchy(): computing Lagrangian force
IBHierarchyIntegrator::integrateHierarchy(): spreading Lagrangian force to the Eulerian grid
IBHierarchyIntegrator::integrateHierarchy(): solving the incompressible Navier-Stokes equations
INSStaggeredHierarchyIntegrator::integrateHierarchy(): stokes solve number of iterations = 3
INSStaggeredHierarchyIntegrator::integrateHierarchy(): stokes solve residual norm        = 0.00183454
IBHierarchyIntegrator::integrateHierarchy(): interpolating Eulerian velocity to the Lagrangian mesh
IBHierarchyIntegrator::integrateHierarchy(): performing Lagrangian midpoint-rule step
IBHierarchyIntegrator::postprocessIntegrateHierarchy(): interpolating Eulerian velocity to the Lagrangian mesh
IBHierarchyIntegrator::postprocessIntegrateHierarchy(): CFL number = 0.00317485
IBHierarchyIntegrator::postprocessIntegrateHierarchy(): Eulerian estimate of upper bound on IB point displacement since last regrid = 0.0064911
IBHierarchyIntegrator::advanceHierarchy(): synchronizing updated data
IBHierarchyIntegrator::advanceHierarchy(): resetting time dependent data

At end       of timestep # 3
Simulation time is 0.0003125
+++++++++++++++++++++++++++++++++++++++++++++++++++


+++++++++++++++++++++++++++++++++++++++++++++++++++
At beginning of timestep # 4
Simulation time is 0.0003125
IBHierarchyIntegrator::advanceHierarchy(): time interval = [0.0003125,0.000390625], dt = 7.8125e-05
IBHierarchyIntegrator::preprocessIntegrateHierarchy(): performing Lagrangian forward Euler step
IBHierarchyIntegrator::advanceHierarchy(): integrating hierarchy
IBHierarchyIntegrator::integrateHierarchy(): computing Lagrangian force
IBHierarchyIntegrator::integrateHierarchy(): spreading Lagrangian force to the Eulerian grid
IBHierarchyIntegrator::integrateHierarchy(): solving the incompressible Navier-Stokes equations
INSStaggeredHierarchyIntegrator::integrateHierarchy(): stokes solve number of iterations = 3
INSStaggeredHierarchyIntegrator::integrateHierarchy(): stokes solve residual norm        = 0.002669
IBHierarchyIntegrator::integrateHierarchy(): interpolating Eulerian velocity to the Lagrangian mesh
IBHierarchyIntegrator::integrateHierarchy(): performing Lagrangian midpoint-rule step
IBHierarchyIntegrator::postprocessIntegrateHierarchy(): interpolating Eulerian velocity to the Lagrangian mesh
IBHierarchyIntegrator::postprocessIntegrateHierarchy(): CFL number = 0.00396207
IBHierarchyIntegrator::postprocessIntegrateHierarchy(): Eulerian estimate of upper bound on IB point displacement since last regrid = 0.0104532
IBHierarchyIntegrator::advanceHierarchy(): synchronizing updated data
IBHierarchyIntegrator::advanceHierarchy(): resetting time dependent data

At end       of timestep # 4
Simulation time is 0.000390625
+++++++++++++++++++++++++++++++++++++++++++++++++++


+++++++++++++++++++++++++++++++++++++++++++++++++++
At beginning of timestep # 5
Simulation time is 0.000390625
IBHierarchyIntegrator::advanceHierarchy(): time interval = [0.000390625,0.00046875], dt = 7.8125e-05
IBHierarchyIntegrator::preprocessIntegrateHierarchy(): performing Lagrangian forward Euler step
IBHierarchyIntegrator::advanceHierarchy(): integrating hierarchy
IBHierarchyIntegrator::integrateHierarchy(): computing Lagrangian force
IBHierarchyIntegrator::integrateHierarchy(): spreading Lagrangian force to the Eulerian grid
IBHierarchyIntegrator::integrateHierarchy(): solving the incompressible Navier-Stokes equations
INSStaggeredHierarchyIntegrator::integrateHierarchy(): stokes solve number of iterations = 3
INSStaggeredHierarchyIntegrator::integrateHierarchy(): stokes solve residual norm        = 0.00237383
IBHierarchyIntegrator::integrateHierarchy(): interpolating Eulerian velocity to the Lagrangian mesh
IBHierarchyIntegrator::integrateHierarchy(): performing Lagrangian midpoint-rule step
IBHierarchyIntegrator::postprocessIntegrateHierarchy(): interpolating Eulerian velocity to the Lagrangian mesh
IBHierarchyIntegrator::postprocessIntegrateHierarchy(): CFL number = 0.00440962
IBHierarchyIntegrator::postprocessIntegrateHierarchy(): Eulerian estimate of upper bound on IB point displacement since last regrid = 0.0148628
IBHierarchyIntegrator::advanceHierarchy(): synchronizing updated data
IBHierarchyIntegrator::advanceHierarchy(): resetting time dependent data

At end       of timestep # 5
Simulation time is 0.00046875
+++++++++++++++++++++++++++++++++++++++++++++++++++


+++++++++++++++++++++++++++++++++++++++++++++++++++
At beginning of timestep # 6
Simulation time is 0.00046875
IBHierarchyIntegrator::advanceHierarchy(): time interval = [0.00046875,0.000546875], dt = 7.8125e-05
IBHierarchyIntegrator::preprocessIntegrateHierarchy(): performing Lagrangian forward Euler step
IBHierarchyIntegrator::advanceHierarchy(): integrating hierarchy
IBHierarchyIntegrator::integrateHierarchy(): computing Lagrangian force
IBHierarchyIntegrator::integrateHierarchy(): spreading Lagrangian force to the Eulerian grid
IBHierarchyIntegrator::integrateHierarchy(): solving the incompressible Navier-Stokes equations
INSStaggeredHierarchyIntegrator::integrateHierarchy(): stokes solve number of iterations = 3
INSStaggeredHierarchyIntegrator::integrateHierarchy(): stokes solve residual norm        = 0.00476337
IBHierarchyIntegrator::integrateHierarchy(): interpolating Eulerian velocity to the Lagrangian mesh
IBHierarchyIntegrator::integrateHierarchy(): performing Lagrangian midpoint-rule step
IBHierarchyIntegrator::postprocessIntegrateHierarchy(): interpolating Eulerian velocity to the Lagrangian mesh
IBHierarchyIntegrator::postprocessIntegrateHierarchy(): CFL number = 0.0108219
IBHierarchyIntegrator::postprocessIntegrateHierarchy(): Eulerian estimate of upper bound on IB point displacement since last regrid = 0.0256847
IBHierarchyIntegrator::advanceHierarchy(): synchronizing updated data
IBHierarchyIntegrator::advanceHierarchy(): resetting time dependent data

At end       of timestep # 6
Simulation time is 0.000546875
+++++++++++++++++++++++++++++++++++++++++++++++++++


+++++++++++++++++++++++++++++++++++++++++++++++++++
At beginning of timestep # 7
Simulation time is 0.000546875
IBHierarchyIntegrator::advanceHierarchy(): time interval = [0.000546875,0.000625], dt = 7.8125e-05
IBHierarchyIntegrator::preprocessIntegrateHierarchy(): performing Lagrangian forward Euler step
IBHierarchyIntegrator::advanceHierarchy(): integrating hierarchy
IBHierarchyIntegrator::integrateHierarchy(): computing Lagrangian force
IBHierarchyIntegrator::integrateHierarchy(): spreading Lagrangian force to the Eulerian grid
IBHierarchyIntegrator::integrateHierarchy(): solving the incompressible Navier-Stokes equations
INSStaggeredHierarchyIntegrator::integrateHierarchy(): stokes solve number of iterations = 3
INSStaggeredHierarchyIntegrator::integrateHierarchy(): stokes solve residual norm        = 0.00148471
IBHierarchyIntegrator::integrateHierarchy(): interpolating Eulerian velocity to the Lagrangian mesh
IBHierarchyIntegrator::integrateHierarchy(): performing Lagrangian midpoint-rule step
IBHierarchyIntegrator::postprocessIntegrateHierarchy(): interpolating Eulerian velocity to the Lagrangian mesh
IBHierarchyIntegrator::postprocessIntegrateHierarchy(): CFL number = 0.0107896
IBHierarchyIntegrator::postprocessIntegrateHierarchy(): Eulerian estimate of upper bound on IB point displacement since last regrid = 0.0364744
IBHierarchyIntegrator::advanceHierarchy(): synchronizing updated data
IBHierarchyIntegrator::advanceHierarchy(): resetting time dependent data

At end       of timestep # 7
Simulation time is 0.000625
+++++++++++++++++++++++++++++++++++++++++++++++++++


+++++++++++++++++++++++++++++++++++++++++++++++++++
At beginning of timestep # 8
Simulation time is 0.000625
IBHierarchyIntegrator::advanceHierarchy(): time interval = [0.000625,0.000703125], dt = 7.8125e-05
IBHierarchyIntegrator::preprocessIntegrateHierarchy(): performing Lagrangian forward Euler step
IBHierarchyIntegrator::advanceHierarchy(): integrating hierarchy
IBHierarchyIntegrator::integrateHierarchy(): computing Lagrangian force
IBHierarchyIntegrator::integrateHierarchy(): spreading Lagrangian force to the Eulerian grid
IBHierarchyIntegrator::integrateHierarchy(): solving the incompressible Navier-Stokes equations
INSStaggeredHierarchyIntegrator::integrateHierarchy(): stokes solve number of iterations = 3
INSStaggeredHierarchyIntegrator::integrateHierarchy(): stokes solve residual norm        = 0.00453817
IBHierarchyIntegrator::integrateHierarchy(): interpolating Eulerian velocity to the Lagrangian mesh
IBHierarchyIntegrator::integrateHierarchy(): performing Lagrangian midpoint-rule step
IBHierarchyIntegrator::postprocessIntegrateHierarchy(): interpolating Eulerian velocity to the Lagrangian mesh
IBHierarchyIntegrator::postprocessIntegrateHierarchy(): CFL number = 0.0104099
IBHierarchyIntegrator::postprocessIntegrateHierarchy(): Eulerian estimate of upper bound on IB point displacement since last regrid = 0.0468842
IBHierarchyIntegrator::advanceHierarchy(): synchronizing updated data
IBHierarchyIntegrator::advanceHierarchy(): resetting time dependent data

At end       of timestep # 8
Simulation time is 0.000703125
+++++++++++++++++++++++++++++++++++++++++++++++++++


+++++++++++++++++++++++++++++++++++++++++++++++++++
At beginning of timestep # 9
Simulation time is 0.000703125
IBHierarchyIntegrator::advanceHierarchy(): time interval = [0.000703125,0.00078125], dt = 7.8125e-05
IBHierarchyIntegrator::preprocessIntegrateHierarchy(): performing Lagrangian forward Euler step
IBHierarchyIntegrator::advanceHierarchy(): integrating hierarchy
IBHierarchyIntegrator::integrateHierarchy(): computing Lagrangian force
IBHierarchyIntegrator::integrateHierarchy(): spreading Lagrangian force to the Eulerian grid
IBHierarchyIntegrator::integrateHierarchy(): solving the incompressible Navier-Stokes equations
INSStaggeredHierarchyIntegrator::integrateHierarchy(): stokes solve number of iterations = 3
INSStaggeredHierarchyIntegrator::integrateHierarchy(): stokes solve residual norm        = 0.00430057
IBHierarchyIntegrator::integrateHierarchy(): interpolating Eulerian velocity to the Lagrangian mesh
IBHierarchyIntegrator::integrateHierarchy(): performing Lagrangian midpoint-rule step
IBHierarchyIntegrator::postprocessIntegrateHierarchy(): interpolating Eulerian velocity to the Lagrangian mesh
IBHierarchyIntegrator::postprocessIntegrateHierarchy(): CFL number = 0.0103399
IBHierarchyIntegrator::postprocessIntegrateHierarchy(): Eulerian estimate of upper bound on IB point displacement since last regrid = 0.0572241
IBHierarchyIntegrator::advanceHierarchy(): synchronizing updated data
IBHierarchyIntegrator::advanceHierarchy(): resetting time dependent data

At end       of timestep # 9
Simulation time is 0.00078125
+++++++++++++++++++++++++++++++++++++++++++++++++++


+++++++++++++++++++++++++++++++++++++++++++++++++++
At beginning of timestep # 10
Simulation time is 0.00078125
IBHierarchyIntegrator::advanceHierarchy(): time interval = [0.00078125,0.000859375], dt = 7.8125e-05
IBHierarchyIntegrator::preprocessIntegrateHierarchy(): performing Lagrangian forward Euler step
IBHierarchyIntegrator::advanceHierarchy(): integrating hierarchy
IBHierarchyIntegrator::integrateHierarchy(): computing Lagrangian force
IBHierarchyIntegrator::integrateHierarchy(): spreading Lagrangian force to the Eulerian grid
IBHierarchyIntegrator::integrateHierarchy(): solving the incompressible Navier-Stokes equations
INSStaggeredHierarchyIntegrator::integrateHierarchy(): stokes solve number of iterations = 3
INSStaggeredHierarchyIntegrator::integrateHierarchy(): stokes solve residual norm        = 0.00345626
IBHierarchyIntegrator::integrateHierarchy(): interpolating Eulerian velocity to the Lagrangian mesh
IBHierarchyIntegrator::integrateHierarchy(): performing Lagrangian midpoint-rule step
IBHierarchyIntegrator::postprocessIntegrateHierarchy(): interpolating Eulerian velocity to the Lagrangian mesh
IBHierarchyIntegrator::postprocessIntegrateHierarchy(): CFL number = 0.0102078
IBHierarchyIntegrator::postprocessIntegrateHierarchy(): Eulerian estimate of upper bound on IB point displacement since last regrid = 0.0674319
IBHierarchyIntegrator::advanceHierarchy(): synchronizing updated data
IBHierarchyIntegrator::advanceHierarchy(): resetting time dependent data

At end       of timestep # 10
Simulation time is 0.000859375
+++++++++++++++++++++++++++++++++++++++++++++++++++


+++++++++++++++++++++++++++++++++++++++++++++++++++
At beginning of timestep # 11
Simulation time is 0.000859375
IBHierarchyIntegrator::advanceHierarchy(): time interval = [0.000859375,0.0009375], dt = 7.8125e-05
IBHierarchyIntegrator::preprocessIntegrateHierarchy(): performing Lagrangian forward Euler step
IBHierarchyIntegrator::advanceHierarchy(): integrating hierarchy
IBHierarchyIntegrator::integrateHierarchy(): computing Lagrangian force
IBHierarchyIntegrator::integrateHierarchy(): spreading Lagrangian force to the Eulerian grid
IBHierarchyIntegrator::integrateHierarchy(): solving the incompressible Navier-Stokes equations
INSStaggeredHierarchyIntegrator::integrateHierarchy(): stokes solve number of iterations = 3
INSStaggeredHierarchyIntegrator::integrateHierarchy(): stokes solve residual norm        = 0.00323381
IBHierarchyIntegrator::integrateHierarchy(): interpolating Eulerian velocity to the Lagrangian mesh
IBHierarchyIntegrator::integrateHierarchy(): performing Lagrangian midpoint-rule step
IBHierarchyIntegrator::postprocessIntegrateHierarchy(): interpolating Eulerian velocity to the Lagrangian mesh
IBHierarchyIntegrator::postprocessIntegrateHierarchy(): CFL number = 0.0101566
IBHierarchyIntegrator::postprocessIntegrateHierarchy(): Eulerian estimate of upper bound on IB point displacement since last regrid = 0.0775885
IBHierarchyIntegrator::advanceHierarchy(): synchronizing updated data
IBHierarchyIntegrator::advanceHierarchy(): resetting time dependent data

At end       of timestep # 11
Simulation time is 0.0009375
+++++++++++++++++++++++++++++++++++++++++++++++++++


+++++++++++++++++++++++++++++++++++++++++++++++++++
At beginning of timestep # 12
Simulation time is 0.0009375
IBHierarchyIntegrator::advanceHierarchy(): time interval = [0.0009375,0.00101563], dt = 7.8125e-05
IBHierarchyIntegrator::preprocessIntegrateHierarchy(): performing Lagrangian forward Euler step
IBHierarchyIntegrator::advanceHierarchy(): integrating hierarchy
IBHierarchyIntegrator::integrateHierarchy(): computing Lagrangian force
IBHierarchyIntegrator::integrateHierarchy(): spreading Lagrangian force to the Eulerian grid
IBHierarchyIntegrator::integrateHierarchy(): solving the incompressible Navier-Stokes equations
INSStaggeredHierarchyIntegrator::integrateHierarchy(): stokes solve number of iterations = 3
INSStaggeredHierarchyIntegrator::integrateHierarchy(): stokes solve residual norm        = 0.003608
IBHierarchyIntegrator::integrateHierarchy(): interpolating Eulerian velocity to the Lagrangian mesh
IBHierarchyIntegrator::integrateHierarchy(): performing Lagrangian midpoint-rule step
IBHierarchyIntegrator::postprocessIntegrateHierarchy(): interpolating Eulerian velocity to the Lagrangian mesh
IBHierarchyIntegrator::postprocessIntegrateHierarchy(): CFL number = 0.0100074
IBHierarchyIntegrator::postprocessIntegrateHierarchy(): Eulerian estimate of upper bound on IB point displacement since last regrid = 0.0875959
IBHierarchyIntegrator::advanceHierarchy(): synchronizing updated data
IBHierarchyIntegrator::advanceHierarchy(): resetting time dependent data

At end       of timestep # 12
Simulation time is 0.00101563
+++++++++++++++++++++++++++++++++++++++++++++++++++


+++++++++++++++++++++++++++++++++++++++++++++++++++
At beginning of timestep # 13
Simulation time is 0.00101563
IBHierarchyIntegrator::advanceHierarchy(): time interval = [0.00101563,0.00109375], dt = 7.8125e-05
IBHierarchyIntegrator::preprocessIntegrateHierarchy(): performing Lagrangian forward Euler step
IBHierarchyIntegrator::advanceHierarchy(): integrating hierarchy
IBHierarchyIntegrator::integrateHierarchy(): computing Lagrangian force
IBHierarchyIntegrator::integrateHierarchy(): spreading Lagrangian force to the Eulerian grid
IBHierarchyIntegrator::integrateHierarchy(): solving the incompressible Navier-Stokes equations
INSStaggeredHierarchyIntegrator::integrateHierarchy(): stokes solve number of iterations = 3
INSStaggeredHierarchyIntegrator::integrateHierarchy(): stokes solve residual norm        = 0.00431171
IBHierarchyIntegrator::integrateHierarchy(): interpolating Eulerian velocity to the Lagrangian mesh
IBHierarchyIntegrator::integrateHierarchy(): performing Lagrangian midpoint-rule step
IBHierarchyIntegrator::postprocessIntegrateHierarchy(): interpolating Eulerian velocity to the Lagrangian mesh
IBHierarchyIntegrator::postprocessIntegrateHierarchy(): CFL number = 0.00995895
IBHierarchyIntegrator::postprocessIntegrateHierarchy(): Eulerian estimate of upper bound on IB point displacement since last regrid = 0.0975548
IBHierarchyIntegrator::advanceHierarchy(): synchronizing updated data
IBHierarchyIntegrator::advanceHierarchy(): resetting time dependent data

At end       of timestep # 13
Simulation time is 0.00109375
+++++++++++++++++++++++++++++++++++++++++++++++++++


+++++++++++++++++++++++++++++++++++++++++++++++++++
At beginning of timestep # 14
Simulation time is 0.00109375
IBHierarchyIntegrator::advanceHierarchy(): time interval = [0.00109375,0.00117188], dt = 7.8125e-05
IBHierarchyIntegrator::preprocessIntegrateHierarchy(): performing Lagrangian forward Euler step
IBHierarchyIntegrator::advanceHierarchy(): integrating hierarchy
IBHierarchyIntegrator::integrateHierarchy(): computing Lagrangian force
IBHierarchyIntegrator::integrateHierarchy(): spreading Lagrangian force to the Eulerian grid
IBHierarchyIntegrator::integrateHierarchy(): solving the incompressible Navier-Stokes equations
INSStaggeredHierarchyIntegrator::integrateHierarchy(): stokes solve number of iterations = 3
INSStaggeredHierarchyIntegrator::integrateHierarchy(): stokes solve residual norm        = 0.00392858
IBHierarchyIntegrator::integrateHierarchy(): interpolating Eulerian velocity to the Lagrangian mesh
IBHierarchyIntegrator::integrateHierarchy(): performing Lagrangian midpoint-rule step
IBHierarchyIntegrator::postprocessIntegrateHierarchy(): interpolating Eulerian velocity to the Lagrangian mesh
IBHierarchyIntegrator::postprocessIntegrateHierarchy(): CFL number = 0.00988473
IBHierarchyIntegrator::postprocessIntegrateHierarchy(): Eulerian estimate of upper bound on IB point displacement since last regrid = 0.10744
IBHierarchyIntegrator::advanceHierarchy(): synchronizing updated data
IBHierarchyIntegrator::advanceHierarchy(): resetting time dependent data

At end       of timestep # 14
Simulation time is 0.00117188
+++++++++++++++++++++++++++++++++++++++++++++++++++


+++++++++++++++++++++++++++++++++++++++++++++++++++
At beginning of timestep # 15
Simulation time is 0.00117188
IBHierarchyIntegrator::advanceHierarchy(): time interval = [0.00117188,0.00125], dt = 7.8125e-05
IBHierarchyIntegrator::preprocessIntegrateHierarchy(): performing Lagrangian forward Euler step
IBHierarchyIntegrator::advanceHierarchy(): integrating hierarchy
IBHierarchyIntegrator::integrateHierarchy(): computing Lagrangian force
IBHierarchyIntegrator::integrateHierarchy(): spreading Lagrangian force to the Eulerian grid
IBHierarchyIntegrator::integrateHierarchy(): solving the incompressible Navier-Stokes equations
INSStaggeredHierarchyIntegrator::integrateHierarchy(): stokes solve number of iterations = 3
INSStaggeredHierarchyIntegrator::integrateHierarchy(): stokes solve residual norm        = 0.00404449
IBHierarchyIntegrator::integrateHierarchy(): interpolating Eulerian velocity to the Lagrangian mesh
IBHierarchyIntegrator::integrateHierarchy(): performing Lagrangian midpoint-rule step
IBHierarchyIntegrator::postprocessIntegrateHierarchy(): interpolating Eulerian velocity to the Lagrangian mesh
IBHierarchyIntegrator::postprocessIntegrateHierarchy(): CFL number = 0.00986571
IBHierarchyIntegrator::postprocessIntegrateHierarchy(): Eulerian estimate of upper bound on IB point displacement since last regrid = 0.117305
IBHierarchyIntegrator::advanceHierarchy(): synchronizing updated data
IBHierarchyIntegrator::advanceHierarchy(): resetting time dependent data

At end       of timestep # 15
Simulation time is 0.00125
+++++++++++++++++++++++++++++++++++++++++++++++++++


+++++++++++++++++++++++++++++++++++++++++++++++++++
At beginning of timestep # 16
Simulation time is 0.00125
IBHierarchyIntegrator::advanceHierarchy(): time interval = [0.00125,0.00132813], dt = 7.8125e-05
IBHierarchyIntegrator::preprocessIntegrateHierarchy(): performing Lagrangian forward Euler step
IBHierarchyIntegrator::advanceHierarchy(): integrating hierarchy
IBHierarchyIntegrator::integrateHierarchy(): computing Lagrangian force
IBHierarchyIntegrator::integrateHierarchy(): spreading Lagrangian force to the Eulerian grid
IBHierarchyIntegrator::integrateHierarchy(): solving the incompressible Navier-Stokes equations
INSStaggeredHierarchyIntegrator::integrateHierarchy(): stokes solve number of iterations = 3
INSStaggeredHierarchyIntegrator::integrateHierarchy(): stokes solve residual norm        = 0.00287835
IBHierarchyIntegrator::integrateHierarchy(): interpolating Eulerian velocity to the Lagrangian mesh
IBHierarchyIntegrator::integrateHierarchy(): performing Lagrangian midpoint-rule step
IBHierarchyIntegrator::postprocessIntegrateHierarchy(): interpolating Eulerian velocity to the Lagrangian mesh
IBHierarchyIntegrator::postprocessIntegrateHierarchy(): CFL number = 0.0108626
IBHierarchyIntegrator::postprocessIntegrateHierarchy(): Eulerian estimate of upper bound on IB point displacement since last regrid = 0.128168
IBHierarchyIntegrator::advanceHierarchy(): synchronizing updated data
IBHierarchyIntegrator::advanceHierarchy(): resetting time dependent data

At end       of timestep # 16
Simulation time is 0.00132813
+++++++++++++++++++++++++++++++++++++++++++++++++++


+++++++++++++++++++++++++++++++++++++++++++++++++++
At beginning of timestep # 17
Simulation time is 0.00132813
IBHierarchyIntegrator::advanceHierarchy(): time interval = [0.00132813,0.00140625], dt = 7.8125e-05
IBHierarchyIntegrator::preprocessIntegrateHierarchy(): performing Lagrangian forward Euler step
IBHierarchyIntegrator::advanceHierarchy(): integrating hierarchy
IBHierarchyIntegrator::integrateHierarchy(): computing Lagrangian force
IBHierarchyIntegrator::integrateHierarchy(): spreading Lagrangian force to the Eulerian grid
IBHierarchyIntegrator::integrateHierarchy(): solving the incompressible Navier-Stokes equations
INSStaggeredHierarchyIntegrator::integrateHierarchy(): stokes solve number of iterations = 3
INSStaggeredHierarchyIntegrator::integrateHierarchy(): stokes solve residual norm        = 0.0025381
IBHierarchyIntegrator::integrateHierarchy(): interpolating Eulerian velocity to the Lagrangian mesh
IBHierarchyIntegrator::integrateHierarchy(): performing Lagrangian midpoint-rule step
IBHierarchyIntegrator::postprocessIntegrateHierarchy(): interpolating Eulerian velocity to the Lagrangian mesh
IBHierarchyIntegrator::postprocessIntegrateHierarchy(): CFL number = 0.0116493
IBHierarchyIntegrator::postprocessIntegrateHierarchy(): Eulerian estimate of upper bound on IB point displacement since last regrid = 0.139817
IBHierarchyIntegrator::advanceHierarchy(): synchronizing updated data
IBHierarchyIntegrator::advanceHierarchy(): resetting time dependent data

At end       of timestep # 17
Simulation time is 0.00140625
+++++++++++++++++++++++++++++++++++++++++++++++++++


+++++++++++++++++++++++++++++++++++++++++++++++++++
At beginning of timestep # 18
Simulation time is 0.00140625
IBHierarchyIntegrator::advanceHierarchy(): time interval = [0.00140625,0.00148438], dt = 7.8125e-05
IBHierarchyIntegrator::preprocessIntegrateHierarchy(): performing Lagrangian forward Euler step
IBHierarchyIntegrator::advanceHierarchy(): integrating hierarchy
IBHierarchyIntegrator::integrateHierarchy(): computing Lagrangian force
IBHierarchyIntegrator::integrateHierarchy(): spreading Lagrangian force to the Eulerian grid
IBHierarchyIntegrator::integrateHierarchy(): solving the incompressible Navier-Stokes equations
INSStaggeredHierarchyIntegrator::integrateHierarchy(): stokes solve number of iterations = 3
INSStaggeredHierarchyIntegrator::integrateHierarchy(): stokes solve residual norm        = 0.00338108
IBHierarchyIntegrator::integrateHierarchy(): interpolating Eulerian velocity to the Lagrangian mesh
IBHierarchyIntegrator::integrateHierarchy(): performing Lagrangian midpoint-rule step
IBHierarchyIntegrator::postprocessIntegrateHierarchy(): interpolating Eulerian velocity to the Lagrangian mesh
IBHierarchyIntegrator::postprocessIntegrateHierarchy(): CFL number = 0.0127443
IBHierarchyIntegrator::postprocessIntegrateHierarchy(): Eulerian estimate of upper bound on IB point displacement since last regrid = 0.152562
IBHierarchyIntegrator::advanceHierarchy(): synchronizing updated data
IBHierarchyIntegrator::advanceHierarchy(): resetting time dependent data

At end       of timestep # 18
Simulation time is 0.00148438
+++++++++++++++++++++++++++++++++++++++++++++++++++


+++++++++++++++++++++++++++++++++++++++++++++++++++
At beginning of timestep # 19
Simulation time is 0.00148438
IBHierarchyIntegrator::advanceHierarchy(): time interval = [0.00148438,0.0015625], dt = 7.8125e-05
IBHierarchyIntegrator::preprocessIntegrateHierarchy(): performing Lagrangian forward Euler step
IBHierarchyIntegrator::advanceHierarchy(): integrating hierarchy
IBHierarchyIntegrator::integrateHierarchy(): computing Lagrangian force
IBHierarchyIntegrator::integrateHierarchy(): spreading Lagrangian force to the Eulerian grid
IBHierarchyIntegrator::integrateHierarchy(): solving the incompressible Navier-Stokes equations
INSStaggeredHierarchyIntegrator::integrateHierarchy(): stokes solve number of iterations = 3
INSStaggeredHierarchyIntegrator::integrateHierarchy(): stokes solve residual norm        = 0.00327904
IBHierarchyIntegrator::integrateHierarchy(): interpolating Eulerian velocity to the Lagrangian mesh
IBHierarchyIntegrator::integrateHierarchy(): performing Lagrangian midpoint-rule step
IBHierarchyIntegrator::postprocessIntegrateHierarchy(): interpolating Eulerian velocity to the Lagrangian mesh
IBHierarchyIntegrator::postprocessIntegrateHierarchy(): CFL number = 0.01303
IBHierarchyIntegrator::postprocessIntegrateHierarchy(): Eulerian estimate of upper bound on IB point displacement since last regrid = 0.165592
IBHierarchyIntegrator::advanceHierarchy(): synchronizing updated data
IBHierarchyIntegrator::advanceHierarchy(): resetting time dependent data

At end       of timestep # 19
Simulation time is 0.0015625
+++++++++++++++++++++++++++++++++++++++++++++++++++


+++++++++++++++++++++++++++++++++++++++++++++++++++
At beginning of timestep # 20
Simulation time is 0.0015625
IBHierarchyIntegrator::advanceHierarchy(): time interval = [0.0015625,0.00164063], dt = 7.8125e-05
IBHierarchyIntegrator::preprocessIntegrateHierarchy(): performing Lagrangian forward Euler step
IBHierarchyIntegrator::advanceHierarchy(): integrating hierarchy
IBHierarchyIntegrator::integrateHierarchy(): computing Lagrangian force
IBHierarchyIntegrator::integrateHierarchy(): spreading Lagrangian force to the Eulerian grid
IBHierarchyIntegrator::integrateHierarchy(): solving the incompressible Navier-Stokes equations
INSStaggeredHierarchyIntegrator::integrateHierarchy(): stokes solve number of iterations = 3
INSStaggeredHierarchyIntegrator::integrateHierarchy(): stokes solve residual norm        = 0.00239033
IBHierarchyIntegrator::integrateHierarchy(): interpolating Eulerian velocity to the Lagrangian mesh
IBHierarchyIntegrator::integrateHierarchy(): performing Lagrangian midpoint-rule step
IBHierarchyIntegrator::postprocessIntegrateHierarchy(): interpolating Eulerian velocity to the Lagrangian mesh
IBHierarchyIntegrator::postprocessIntegrateHierarchy(): CFL number = 0.0134614
IBHierarchyIntegrator::postprocessIntegrateHierarchy(): Eulerian estimate of upper bound on IB point displacement since last regrid = 0.179053
IBHierarchyIntegrator::advanceHierarchy(): synchronizing updated data
IBHierarchyIntegrator::advanceHierarchy(): resetting time dependent data

At end       of timestep # 20
Simulation time is 0.00164063
+++++++++++++++++++++++++++++++++++++++++++++++++++


+++++++++++++++++++++++++++++++++++++++++++++++++++
At beginning of timestep # 21
Simulation time is 0.00164063
IBHierarchyIntegrator::advanceHierarchy(): time interval = [0.00164063,0.00171875], dt = 7.8125e-05
IBHierarchyIntegrator::preprocessIntegrateHierarchy(): performing Lagrangian forward Euler step
IBHierarchyIntegrator::advanceHierarchy(): integrating hierarchy
IBHierarchyIntegrator::integrateHierarchy(): computing Lagrangian force
IBHierarchyIntegrator::integrateHierarchy(): spreading Lagrangian force to the Eulerian grid
IBHierarchyIntegrator::integrateHierarchy(): solving the incompressible Navier-Stokes equations
INSStaggeredHierarchyIntegrator::integrateHierarchy(): stokes solve number of iterations = 3
INSStaggeredHierarchyIntegrator::integrateHierarchy(): stokes solve residual norm        = 0.00330363
IBHierarchyIntegrator::integrateHierarchy(): interpolating Eulerian velocity to the Lagrangian mesh
IBHierarchyIntegrator::integrateHierarchy(): performing Lagrangian midpoint-rule step
IBHierarchyIntegrator::postprocessIntegrateHierarchy(): interpolating Eulerian velocity to the Lagrangian mesh
IBHierarchyIntegrator::postprocessIntegrateHierarchy(): CFL number = 0.0135454
IBHierarchyIntegrator::postprocessIntegrateHierarchy(): Eulerian estimate of upper bound on IB point displacement since last regrid = 0.192598
IBHierarchyIntegrator::advanceHierarchy(): synchronizing updated data
IBHierarchyIntegrator::advanceHierarchy(): resetting time dependent data

At end       of timestep # 21
Simulation time is 0.00171875
+++++++++++++++++++++++++++++++++++++++++++++++++++


+++++++++++++++++++++++++++++++++++++++++++++++++++
At beginning of timestep # 22
Simulation time is 0.00171875
IBHierarchyIntegrator::advanceHierarchy(): time interval = [0.00171875,0.00179688], dt = 7.8125e-05
IBHierarchyIntegrator::preprocessIntegrateHierarchy(): performing Lagrangian forward Euler step
IBHierarchyIntegrator::advanceHierarchy(): integrating hierarchy
IBHierarchyIntegrator::integrateHierarchy(): computing Lagrangian force
IBHierarchyIntegrator::integrateHierarchy(): spreading Lagrangian force to the Eulerian grid
IBHierarchyIntegrator::integrateHierarchy(): solving the incompressible Navier-Stokes equations
INSStaggeredHierarchyIntegrator::integrateHierarchy(): stokes solve number of iterations = 3
INSStaggeredHierarchyIntegrator::integrateHierarchy(): stokes solve residual norm        = 0.00483074
IBHierarchyIntegrator::integrateHierarchy(): interpolating Eulerian velocity to the Lagrangian mesh
IBHierarchyIntegrator::integrateHierarchy(): performing Lagrangian midpoint-rule step
IBHierarchyIntegrator::postprocessIntegrateHierarchy(): interpolating Eulerian velocity to the Lagrangian mesh
IBHierarchyIntegrator::postprocessIntegrateHierarchy(): CFL number = 0.0161095
IBHierarchyIntegrator::postprocessIntegrateHierarchy(): Eulerian estimate of upper bound on IB point displacement since last regrid = 0.208708
IBHierarchyIntegrator::advanceHierarchy(): synchronizing updated data
IBHierarchyIntegrator::advanceHierarchy(): resetting time dependent data

At end       of timestep # 22
Simulation time is 0.00179688
+++++++++++++++++++++++++++++++++++++++++++++++++++


+++++++++++++++++++++++++++++++++++++++++++++++++++
At beginning of timestep # 23
Simulation time is 0.00179688
IBHierarchyIntegrator::advanceHierarchy(): time interval = [0.00179688,0.001875], dt = 7.8125e-05
IBHierarchyIntegrator::preprocessIntegrateHierarchy(): performing Lagrangian forward Euler step
IBHierarchyIntegrator::advanceHierarchy(): integrating hierarchy
IBHierarchyIntegrator::integrateHierarchy(): computing Lagrangian force
IBHierarchyIntegrator::integrateHierarchy(): spreading Lagrangian force to the Eulerian grid
IBHierarchyIntegrator::integrateHierarchy(): solving the incompressible Navier-Stokes equations
INSStaggeredHierarchyIntegrator::integrateHierarchy(): stokes solve number of iterations = 3
INSStaggeredHierarchyIntegrator::integrateHierarchy(): stokes solve residual norm        = 0.00307738
IBHierarchyIntegrator::integrateHierarchy(): interpolating Eulerian velocity to the Lagrangian mesh
IBHierarchyIntegrator::integrateHierarchy(): performing Lagrangian midpoint-rule step
IBHierarchyIntegrator::postprocessIntegrateHierarchy(): interpolating Eulerian velocity to the Lagrangian mesh
IBHierarchyIntegrator::postprocessIntegrateHierarchy(): CFL number = 0.0185588
IBHierarchyIntegrator::postprocessIntegrateHierarchy(): Eulerian estimate of upper bound on IB point displacement since last regrid = 0.227267
IBHierarchyIntegrator::advanceHierarchy(): synchronizing updated data
IBHierarchyIntegrator::advanceHierarchy(): resetting time dependent data

At end       of timestep # 23
Simulation time is 0.001875
+++++++++++++++++++++++++++++++++++++++++++++++++++


+++++++++++++++++++++++++++++++++++++++++++++++++++
At beginning of timestep # 24
Simulation time is 0.001875
IBHierarchyIntegrator::advanceHierarchy(): time interval = [0.001875,0.00195313], dt = 7.8125e-05
IBHierarchyIntegrator::preprocessIntegrateHierarchy(): performing Lagrangian forward Euler step
IBHierarchyIntegrator::advanceHierarchy(): integrating hierarchy
IBHierarchyIntegrator::integrateHierarchy(): computing Lagrangian force
IBHierarchyIntegrator::integrateHierarchy(): spreading Lagrangian force to the Eulerian grid
IBHierarchyIntegrator::integrateHierarchy(): solving the incompressible Navier-Stokes equations
INSStaggeredHierarchyIntegrator::integrateHierarchy(): stokes solve number of iterations = 3
INSStaggeredHierarchyIntegrator::integrateHierarchy(): stokes solve residual norm        = 0.00301168
IBHierarchyIntegrator::integrateHierarchy(): interpolating Eulerian velocity to the Lagrangian mesh
IBHierarchyIntegrator::integrateHierarchy(): performing Lagrangian midpoint-rule step
IBHierarchyIntegrator::postprocessIntegrateHierarchy(): interpolating Eulerian velocity to the Lagrangian mesh
IBHierarchyIntegrator::postprocessIntegrateHierarchy(): CFL number = 0.0209531
IBHierarchyIntegrator::postprocessIntegrateHierarchy(): Eulerian estimate of upper bound on IB point displacement since last regrid = 0.24822
IBHierarchyIntegrator::advanceHierarchy(): synchronizing updated data
IBHierarchyIntegrator::advanceHierarchy(): resetting time dependent data

At end       of timestep # 24
Simulation time is 0.00195313
+++++++++++++++++++++++++++++++++++++++++++++++++++


+++++++++++++++++++++++++++++++++++++++++++++++++++
At beginning of timestep # 25
Simulation time is 0.00195313
IBHierarchyIntegrator::advanceHierarchy(): time interval = [0.00195313,0.00203125], dt = 7.8125e-05
IBHierarchyIntegrator::preprocessIntegrateHierarchy(): performing Lagrangian forward Euler step
IBHierarchyIntegrator::advanceHierarchy(): integrating hierarchy
IBHierarchyIntegrator::integrateHierarchy(): computing Lagrangian force
IBHierarchyIntegrator::integrateHierarchy(): spreading Lagrangian force to the Eulerian grid
IBHierarchyIntegrator::integrateHierarchy(): solving the incompressible Navier-Stokes equations
INSStaggeredHierarchyIntegrator::integrateHierarchy(): stokes solve number of iterations = 3
INSStaggeredHierarchyIntegrator::integrateHierarchy(): stokes solve residual norm        = 0.00303961
IBHierarchyIntegrator::integrateHierarchy(): interpolating Eulerian velocity to the Lagrangian mesh
IBHierarchyIntegrator::integrateHierarchy(): performing Lagrangian midpoint-rule step
IBHierarchyIntegrator::postprocessIntegrateHierarchy(): interpolating Eulerian velocity to the Lagrangian mesh
IBHierarchyIntegrator::postprocessIntegrateHierarchy(): CFL number = 0.0234327
IBHierarchyIntegrator::postprocessIntegrateHierarchy(): Eulerian estimate of upper bound on IB point displacement since last regrid = 0.271652
IBHierarchyIntegrator::advanceHierarchy(): synchronizing updated data
IBHierarchyIntegrator::advanceHierarchy(): resetting time dependent data

At end       of timestep # 25
Simulation time is 0.00203125
+++++++++++++++++++++++++++++++++++++++++++++++++++


+++++++++++++++++++++++++++++++++++++++++++++++++++
At beginning of timestep # 26
Simulation time is 0.00203125
IBHierarchyIntegrator::advanceHierarchy(): time interval = [0.00203125,0.00210938], dt = 7.8125e-05
IBHierarchyIntegrator::preprocessIntegrateHierarchy(): performing Lagrangian forward Euler step
IBHierarchyIntegrator::advanceHierarchy(): integrating hierarchy
IBHierarchyIntegrator::integrateHierarchy(): computing Lagrangian force
IBHierarchyIntegrator::integrateHierarchy(): spreading Lagrangian force to the Eulerian grid
IBHierarchyIntegrator::integrateHierarchy(): solving the incompressible Navier-Stokes equations
INSStaggeredHierarchyIntegrator::integrateHierarchy(): stokes solve number of iterations = 3
INSStaggeredHierarchyIntegrator::integrateHierarchy(): stokes solve residual norm        = 0.00325295
IBHierarchyIntegrator::integrateHierarchy(): interpolating Eulerian velocity to the Lagrangian mesh
IBHierarchyIntegrator::integrateHierarchy(): performing Lagrangian midpoint-rule step
IBHierarchyIntegrator::postprocessIntegrateHierarchy(): interpolating Eulerian velocity to the Lagrangian mesh
IBHierarchyIntegrator::postprocessIntegrateHierarchy(): CFL number = 0.0241264
IBHierarchyIntegrator::postprocessIntegrateHierarchy(): Eulerian estimate of upper bound on IB point displacement since last regrid = 0.295779
IBHierarchyIntegrator::advanceHierarchy(): synchronizing updated data
IBHierarchyIntegrator::advanceHierarchy(): resetting time dependent data

At end       of timestep # 26
Simulation time is 0.00210938
+++++++++++++++++++++++++++++++++++++++++++++++++++


+++++++++++++++++++++++++++++++++++++++++++++++++++
At beginning of timestep # 27
Simulation time is 0.00210938
IBHierarchyIntegrator::advanceHierarchy(): time interval = [0.00210938,0.0021875], dt = 7.8125e-05
IBHierarchyIntegrator::preprocessIntegrateHierarchy(): performing Lagrangian forward Euler step
IBHierarchyIntegrator::advanceHierarchy(): integrating hierarchy
IBHierarchyIntegrator::integrateHierarchy(): computing Lagrangian force
IBHierarchyIntegrator::integrateHierarchy(): spreading Lagrangian force to the Eulerian grid
IBHierarchyIntegrator::integrateHierarchy(): solving the incompressible Navier-Stokes equations
INSStaggeredHierarchyIntegrator::integrateHierarchy(): stokes solve number of iterations = 3
INSStaggeredHierarchyIntegrator::integrateHierarchy(): stokes solve residual norm        = 0.00291811
IBHierarchyIntegrator::integrateHierarchy(): interpolating Eulerian velocity to the Lagrangian mesh
IBHierarchyIntegrator::integrateHierarchy(): performing Lagrangian midpoint-rule step
IBHierarchyIntegrator::postprocessIntegrateHierarchy(): interpolating Eulerian velocity to the Lagrangian mesh
IBHierarchyIntegrator::postprocessIntegrateHierarchy(): CFL number = 0.0244577
IBHierarchyIntegrator::postprocessIntegrateHierarchy(): Eulerian estimate of upper bound on IB point displacement since last regrid = 0.320237
IBHierarchyIntegrator::advanceHierarchy(): synchronizing updated data
IBHierarchyIntegrator::advanceHierarchy(): resetting time dependent data

At end       of timestep # 27
Simulation time is 0.0021875
+++++++++++++++++++++++++++++++++++++++++++++++++++


+++++++++++++++++++++++++++++++++++++++++++++++++++
At beginning of timestep # 28
Simulation time is 0.0021875
IBHierarchyIntegrator::advanceHierarchy(): time interval = [0.0021875,0.00226563], dt = 7.8125e-05
IBHierarchyIntegrator::preprocessIntegrateHierarchy(): performing Lagrangian forward Euler step
IBHierarchyIntegrator::advanceHierarchy(): integrating hierarchy
IBHierarchyIntegrator::integrateHierarchy(): computing Lagrangian force
IBHierarchyIntegrator::integrateHierarchy(): spreading Lagrangian force to the Eulerian grid
IBHierarchyIntegrator::integrateHierarchy(): solving the incompressible Navier-Stokes equations
INSStaggeredHierarchyIntegrator::integrateHierarchy(): stokes solve number of iterations = 3
INSStaggeredHierarchyIntegrator::integrateHierarchy(): stokes solve residual norm        = 0.00290378
IBHierarchyIntegrator::integrateHierarchy(): interpolating Eulerian velocity to the Lagrangian mesh
IBHierarchyIntegrator::integrateHierarchy(): performing Lagrangian midpoint-rule step
IBHierarchyIntegrator::postprocessIntegrateHierarchy(): interpolating Eulerian velocity to the Lagrangian mesh
IBHierarchyIntegrator::postprocessIntegrateHierarchy(): CFL number = 0.0252464
IBHierarchyIntegrator::postprocessIntegrateHierarchy(): Eulerian estimate of upper bound on IB point displacement since last regrid = 0.345483
IBHierarchyIntegrator::advanceHierarchy(): synchronizing updated data
IBHierarchyIntegrator::advanceHierarchy(): resetting time dependent data

At end       of timestep # 28
Simulation time is 0.00226563
+++++++++++++++++++++++++++++++++++++++++++++++++++


+++++++++++++++++++++++++++++++++++++++++++++++++++
At beginning of timestep # 29
Simulation time is 0.00226563
IBHierarchyIntegrator::advanceHierarchy(): time interval = [0.00226563,0.00234375], dt = 7.8125e-05
IBHierarchyIntegrator::preprocessIntegrateHierarchy(): performing Lagrangian forward Euler step
IBHierarchyIntegrator::advanceHierarchy(): integrating hierarchy
IBHierarchyIntegrator::integrateHierarchy(): computing Lagrangian force
IBHierarchyIntegrator::integrateHierarchy(): spreading Lagrangian force to the Eulerian grid
IBHierarchyIntegrator::integrateHierarchy(): solving the incompressible Navier-Stokes equations
INSStaggeredHierarchyIntegrator::integrateHierarchy(): stokes solve number of iterations = 2
INSStaggeredHierarchyIntegrator::integrateHierarchy(): stokes solve residual norm        = 0.0453837
IBHierarchyIntegrator::integrateHierarchy(): interpolating Eulerian velocity to the Lagrangian mesh
IBHierarchyIntegrator::integrateHierarchy(): performing Lagrangian midpoint-rule step
IBHierarchyIntegrator::postprocessIntegrateHierarchy(): interpolating Eulerian velocity to the Lagrangian mesh
IBHierarchyIntegrator::postprocessIntegrateHierarchy(): CFL number = 0.0262818
IBHierarchyIntegrator::postprocessIntegrateHierarchy(): Eulerian estimate of upper bound on IB point displacement since last regrid = 0.371765
IBHierarchyIntegrator::advanceHierarchy(): synchronizing updated data
IBHierarchyIntegrator::advanceHierarchy(): resetting time dependent data

At end       of timestep # 29
Simulation time is 0.00234375
+++++++++++++++++++++++++++++++++++++++++++++++++++


+++++++++++++++++++++++++++++++++++++++++++++++++++
At beginning of timestep # 30
Simulation time is 0.00234375
IBHierarchyIntegrator::advanceHierarchy(): time interval = [0.00234375,0.00242188], dt = 7.8125e-05
IBHierarchyIntegrator::preprocessIntegrateHierarchy(): performing Lagrangian forward Euler step
IBHierarchyIntegrator::advanceHierarchy(): integrating hierarchy
IBHierarchyIntegrator::integrateHierarchy(): computing Lagrangian force
IBHierarchyIntegrator::integrateHierarchy(): spreading Lagrangian force to the Eulerian grid
IBHierarchyIntegrator::integrateHierarchy(): solving the incompressible Navier-Stokes equations
INSStaggeredHierarchyIntegrator::integrateHierarchy(): stokes solve number of iterations = 3
INSStaggeredHierarchyIntegrator::integrateHierarchy(): stokes solve residual norm        = 0.00296414
IBHierarchyIntegrator::integrateHierarchy(): interpolating Eulerian velocity to the Lagrangian mesh
IBHierarchyIntegrator::integrateHierarchy(): performing Lagrangian midpoint-rule step
IBHierarchyIntegrator::postprocessIntegrateHierarchy(): interpolating Eulerian velocity to the Lagrangian mesh
IBHierarchyIntegrator::postprocessIntegrateHierarchy(): CFL number = 0.0276514
IBHierarchyIntegrator::postprocessIntegrateHierarchy(): Eulerian estimate of upper bound on IB point displacement since last regrid = 0.399416
IBHierarchyIntegrator::advanceHierarchy(): synchronizing updated data
IBHierarchyIntegrator::advanceHierarchy(): resetting time dependent data

At end       of timestep # 30
Simulation time is 0.00242188
+++++++++++++++++++++++++++++++++++++++++++++++++++


+++++++++++++++++++++++++++++++++++++++++++++++++++
At beginning of timestep # 31
Simulation time is 0.00242188
IBHierarchyIntegrator::advanceHierarchy(): time interval = [0.00242188,0.0025], dt = 7.8125e-05
IBHierarchyIntegrator::preprocessIntegrateHierarchy(): performing Lagrangian forward Euler step
IBHierarchyIntegrator::advanceHierarchy(): integrating hierarchy
IBHierarchyIntegrator::integrateHierarchy(): computing Lagrangian force
IBHierarchyIntegrator::integrateHierarchy(): spreading Lagrangian force to the Eulerian grid
IBHierarchyIntegrator::integrateHierarchy(): solving the incompressible Navier-Stokes equations
INSStaggeredHierarchyIntegrator::integrateHierarchy(): stokes solve number of iterations = 3
INSStaggeredHierarchyIntegrator::integrateHierarchy(): stokes solve residual norm        = 0.0034058
IBHierarchyIntegrator::integrateHierarchy(): interpolating Eulerian velocity to the Lagrangian mesh
IBHierarchyIntegrator::integrateHierarchy(): performing Lagrangian midpoint-rule step
IBHierarchyIntegrator::postprocessIntegrateHierarchy(): interpolating Eulerian velocity to the Lagrangian mesh
IBHierarchyIntegrator::postprocessIntegrateHierarchy(): CFL number = 0.0286851
IBHierarchyIntegrator::postprocessIntegrateHierarchy(): Eulerian estimate of upper bound on IB point displacement since last regrid = 0.428101
IBHierarchyIntegrator::advanceHierarchy(): synchronizing updated data
IBHierarchyIntegrator::advanceHierarchy(): resetting time dependent data

At end       of timestep # 31
Simulation time is 0.0025
+++++++++++++++++++++++++++++++++++++++++++++++++++


+++++++++++++++++++++++++++++++++++++++++++++++++++
At beginning of timestep # 32
Simulation time is 0.0025
IBHierarchyIntegrator::advanceHierarchy(): time interval = [0.0025,0.00257813], dt = 7.8125e-05
IBHierarchyIntegrator::preprocessIntegrateHierarchy(): performing Lagrangian forward Euler step
IBHierarchyIntegrator::advanceHierarchy(): integrating hierarchy
IBHierarchyIntegrator::integrateHierarchy(): computing Lagrangian force
IBHierarchyIntegrator::integrateHierarchy(): spreading Lagrangian force to the Eulerian grid
IBHierarchyIntegrator::integrateHierarchy(): solving the incompressible Navier-Stokes equations
INSStaggeredHierarchyIntegrator::integrateHierarchy(): stokes solve number of iterations = 2
INSStaggeredHierarchyIntegrator::integrateHierarchy(): stokes solve residual norm        = 0.0504855
IBHierarchyIntegrator::integrateHierarchy(): interpolating Eulerian velocity to the Lagrangian mesh
IBHierarchyIntegrator::integrateHierarchy(): performing Lagrangian midpoint-rule step
IBHierarchyIntegrator::postprocessIntegrateHierarchy(): interpolating Eulerian velocity to the Lagrangian mesh
IBHierarchyIntegrator::postprocessIntegrateHierarchy(): CFL number = 0.02963
IBHierarchyIntegrator::postprocessIntegrateHierarchy(): Eulerian estimate of upper bound on IB point displacement since last regrid = 0.457731
IBHierarchyIntegrator::advanceHierarchy(): synchronizing updated data
IBHierarchyIntegrator::advanceHierarchy(): resetting time dependent data

At end       of timestep # 32
Simulation time is 0.00257813
+++++++++++++++++++++++++++++++++++++++++++++++++++


+++++++++++++++++++++++++++++++++++++++++++++++++++
At beginning of timestep # 33
Simulation time is 0.00257813
IBHierarchyIntegrator::advanceHierarchy(): time interval = [0.00257813,0.00265625], dt = 7.8125e-05
IBHierarchyIntegrator::preprocessIntegrateHierarchy(): performing Lagrangian forward Euler step
IBHierarchyIntegrator::advanceHierarchy(): integrating hierarchy
IBHierarchyIntegrator::integrateHierarchy(): computing Lagrangian force
IBHierarchyIntegrator::integrateHierarchy(): spreading Lagrangian force to the Eulerian grid
IBHierarchyIntegrator::integrateHierarchy(): solving the incompressible Navier-Stokes equations
INSStaggeredHierarchyIntegrator::integrateHierarchy(): stokes solve number of iterations = 2
INSStaggeredHierarchyIntegrator::integrateHierarchy(): stokes solve residual norm        = 0.0493789
IBHierarchyIntegrator::integrateHierarchy(): interpolating Eulerian velocity to the Lagrangian mesh
IBHierarchyIntegrator::integrateHierarchy(): performing Lagrangian midpoint-rule step
IBHierarchyIntegrator::postprocessIntegrateHierarchy(): interpolating Eulerian velocity to the Lagrangian mesh
IBHierarchyIntegrator::postprocessIntegrateHierarchy(): CFL number = 0.0308974
IBHierarchyIntegrator::postprocessIntegrateHierarchy(): Eulerian estimate of upper bound on IB point displacement since last regrid = 0.488629
IBHierarchyIntegrator::advanceHierarchy(): synchronizing updated data
IBHierarchyIntegrator::advanceHierarchy(): resetting time dependent data

At end       of timestep # 33
Simulation time is 0.00265625
+++++++++++++++++++++++++++++++++++++++++++++++++++


+++++++++++++++++++++++++++++++++++++++++++++++++++
At beginning of timestep # 34
Simulation time is 0.00265625
IBHierarchyIntegrator::advanceHierarchy(): time interval = [0.00265625,0.00273438], dt = 7.8125e-05
IBHierarchyIntegrator::preprocessIntegrateHierarchy(): performing Lagrangian forward Euler step
IBHierarchyIntegrator::advanceHierarchy(): integrating hierarchy
IBHierarchyIntegrator::integrateHierarchy(): computing Lagrangian force
IBHierarchyIntegrator::integrateHierarchy(): spreading Lagrangian force to the Eulerian grid
IBHierarchyIntegrator::integrateHierarchy(): solving the incompressible Navier-Stokes equations
INSStaggeredHierarchyIntegrator::integrateHierarchy(): stokes solve number of iterations = 3
INSStaggeredHierarchyIntegrator::integrateHierarchy(): stokes solve residual norm        = 0.004074
IBHierarchyIntegrator::integrateHierarchy(): interpolating Eulerian velocity to the Lagrangian mesh
IBHierarchyIntegrator::integrateHierarchy(): performing Lagrangian midpoint-rule step
IBHierarchyIntegrator::postprocessIntegrateHierarchy(): interpolating Eulerian velocity to the Lagrangian mesh
IBHierarchyIntegrator::postprocessIntegrateHierarchy(): CFL number = 0.0301087
IBHierarchyIntegrator::postprocessIntegrateHierarchy(): Eulerian estimate of upper bound on IB point displacement since last regrid = 0.518737
IBHierarchyIntegrator::advanceHierarchy(): synchronizing updated data
IBHierarchyIntegrator::advanceHierarchy(): resetting time dependent data

At end       of timestep # 34
Simulation time is 0.00273438
+++++++++++++++++++++++++++++++++++++++++++++++++++


+++++++++++++++++++++++++++++++++++++++++++++++++++
At beginning of timestep # 35
Simulation time is 0.00273438
IBHierarchyIntegrator::advanceHierarchy(): time interval = [0.00273438,0.0028125], dt = 7.8125e-05
IBHierarchyIntegrator::advanceHierarchy(): regridding prior to timestep 35
IBHierarchyIntegrator::regridHierarchy(): starting Lagrangian data movement
IBHierarchyIntegrator::regridHierarchy(): regridding the patch hierarchy
IBHierarchyIntegrator::regridHierarchy(): finishing Lagrangian data movement
P=00000:Program abort called in file ``/home/mfacci/sfw/ibamr/IBAMR/ibtk/src/lagrangian/FEDataManager.cpp'' at line 717
P=00000:ERROR MESSAGE: 
P=00000:At least one node in the current mesh is inside the fluid domain and not associated with any patch. This class currently assumes that all elements are on the finest level and will not work correctly if this assumption does not hold. This usually happens when you use multiple patch levels and set the regrid CFL interval to a value larger than one. To change this check set node_outside_patch_check to a different value in the input database: see the documentation of FEDataManager for more information.
