MemoryDatabase: Key ``SEPARATION'' does not exist in the database...
input_db {
   MU                             = 0.02                    // input used
   RHO                            = 1                       // input used
   Re                             = 0.4                     // input not used
   L                              = 5                       // input used
   H                              = 5                       // input not used
   R                              = 0.5                     // input not used
   MAX_LEVELS                     = 1                       // input used
   REF_RATIO                      = 1                       // input used
   N                              = 32                      // input used
   NFINEST                        = 32                      // input used
   DX0                            = 0.15625                 // input not used
   DX                             = 0.15625                 // input used
   MFAC                           = 1.1                     // input used
   ELEM_TYPE                      = "TRI3"                  // input not used
   PK1_DEV_QUAD_ORDER             = "THIRD"                 // input not used
   PK1_DIL_QUAD_ORDER             = "FIRST"                 // input not used
   P_E                            = 2                       // input not used
   U_MAX                          = 1                       // input not used
   C1_S                           = 0.1                     // input used
   P0_S                           = 0.1                     // input not used
   BETA_S                         = 0.5                     // input not used
   STRESS_FUNCTION                = "MODIFIED"              // input not used
   USE_VOLUMETRIC_TERM            = TRUE                    // input not used
   YOUNGS_MOD                     = 1000                    // input not used
   TRACTION_FORCE                 = 6.25                    // input not used
   SHEAR_MOD                      = 10                      // input used
   POISSON_RATIO                  = 0.499                   // input used
   BULK_MOD                       = 4996.67                 // input not used
   SAFETY                         = 0.5                     // input not used
   IB_DELTA_FUNCTION              = "IB_3"                  // input used
   SPLIT_FORCES                   = FALSE                   // input not used
   USE_PRESSURE_JUMP_CONDITIONS   = TRUE                    // input used
   USE_VELOCITY_JUMP_CONDITIONS   = TRUE                    // input used
   COMPUTE_FLUID_TRACTION         = TRUE                    // input used
   WSS_CALC_WIDTH                 = 1.05                    // input used
   P_CALC_WIDTH                   = 1.3                     // input used
   USE_CONSISTENT_MASS_MATRIX     = TRUE                    // input used
   IB_POINT_DENSITY               = 3                       // input used
   SOLVER_TYPE                    = "STAGGERED"             // input used
   CFL_MAX                        = 0.25                    // input used
   DT                             = 1e-05                   // input used
   START_TIME                     = 0                       // input used
   END_TIME                       = 10                      // input used
   GROW_DT                        = 2                       // input used
   NUM_CYCLES                     = 1                       // input used
   CONVECTIVE_TS_TYPE             = "ADAMS_BASHFORTH"       // input used
   CONVECTIVE_OP_TYPE             = "PPM"                   // input used
   CONVECTIVE_FORM                = "ADVECTIVE"             // input used
   NORMALIZE_PRESSURE             = FALSE                   // input used
   ERROR_ON_DT_CHANGE             = TRUE                    // input used
   VORTICITY_TAGGING              = TRUE                    // input used
   TAG_BUFFER                     = 1                       // input used
   REGRID_CFL_INTERVAL            = 0.5                     // input used
   OUTPUT_U                       = TRUE                    // input used
   OUTPUT_P                       = TRUE                    // input used
   OUTPUT_F                       = TRUE                    // input used
   OUTPUT_OMEGA                   = TRUE                    // input used
   OUTPUT_DIV_U                   = TRUE                    // input used
   ENABLE_LOGGING                 = TRUE                    // input used
   UPPER_DRIFT_VELOCITY           = 0.003125                // input not used
   LOWER_DRIFT_VELOCITY           = 0.003125                // input not used
   NCYCLE                         = 5                       // input not used
   KAPPA_S                        = 150000                  // input not used
   ETA_S                          = 10                      // input not used
   KAPPA_PLATE                    = 10000                   // input not used
   SIM_NUM                        = 9                       // input not used
   LOWER_PLATE_HEIGHT             = 0.2                     // input used
   UPPER_PLATE_HEIGHT             = 0.8                     // input used
   D                              = 0.6                     // input not used
   BALL_COM_X                     = 0.2                     // input not used
   BALL_COM_Y                     = 0.7                     // input not used
   BALL_RADIUS                    = 0.05                    // input not used
   KAPPA_STATIONARY               = 10000                   // input not used
   BOTTOM_PLANE_HEIGHT            = 0.2                     // input not used
   USE_SECOND_VELOCITY_CORRECTION = FALSE                   // input used
   USE_CURR_MESH_CONFIG           = TRUE                    // input used
   EPSILON                        = 0                       // input used
   LEFT_END                       = 0                       // input used
   RIGHT_END                      = 5                       // input used
   USE_RECTANGULAR_BLOCKAGE       = TRUE                    // input not used
   EXTERIOR_CALC_COEF             = 0                       // input not used
   X1_lower                       = 0.2                     // input not used
   X1_upper                       = 0.8                     // input not used
   PROJECTION_METHOD_TYPE         = "PRESSURE_UPDATE"       // input used
   SECOND_ORDER_PRESSURE_UPDATE   = TRUE                    // input used
   THETA                          = 0                       // input not used
   VelocityBcCoefs_0 {
      acoef_function_0 = "0.0"                              // input not used
      acoef_function_1 = "0.0"                              // input not used
      acoef_function_2 = "1.0"                              // input not used
      acoef_function_3 = "0.0"                              // input not used
      bcoef_function_0 = "1.0"                              // input not used
      bcoef_function_1 = "1.0"                              // input not used
      bcoef_function_2 = "0.0"                              // input not used
      bcoef_function_3 = "1.0"                              // input not used
      gcoef_function_0 = "0.0"                              // input not used
      gcoef_function_1 = "0.0"                              // input not used
      gcoef_function_2 = "0.0"                              // input not used
      gcoef_function_3 = "0.0"                              // input not used
   }
   VelocityBcCoefs_1 {
      acoef_function_0 = "0.0"                              // input not used
      acoef_function_1 = "0.0"                              // input not used
      acoef_function_2 = "1.0"                              // input not used
      acoef_function_3 = "0.0"                              // input not used
      bcoef_function_0 = "1.0"                              // input not used
      bcoef_function_1 = "1.0"                              // input not used
      bcoef_function_2 = "0.0"                              // input not used
      bcoef_function_3 = "1.0"                              // input not used
      gcoef_function_0 = "0.0"                              // input not used
      gcoef_function_1 = "0.0"                              // input not used
      gcoef_function_2 = "0.0"                              // input not used
      gcoef_function_3 = "0.0"                              // input not used
   }
   VelocityInitialConditions {
      function_0 = "0.0"                                    // input not used
      function_1 = "0.0"                                    // input not used
   }
   IBHierarchyIntegrator {
      start_time          = 0                               // input not used
      end_time            = 10                              // input not used
      grow_dt             = 2                               // input not used
      num_cycles          = 1                               // input not used
      regrid_cfl_interval = 0.5                             // input not used
      dt_max              = 1e-05                           // input not used
      error_on_dt_change  = TRUE                            // input not used
      enable_logging      = TRUE                            // input not used
   }
   IIMethod {
      IB_delta_fcn                   = "IB_3"               // input not used
      use_pressure_jump_conditions   = TRUE                 // input not used
      use_velocity_jump_conditions   = TRUE                 // input not used
      use_consistent_mass_matrix     = TRUE                 // input not used
      IB_point_density               = 3                    // input not used
      compute_fluid_traction         = TRUE                 // input not used
      wss_calc_width                 = 1.05                 // input not used
      p_calc_width                   = 1.3                  // input not used
      min_ghost_cell_width           = 6                    // input not used
      use_second_velocity_correction = FALSE                // input not used
      use_current_mesh_configuration = TRUE                 // input not used
   }
   INSCollocatedHierarchyIntegrator {
      mu                            = 0.02                  // input not used
      rho                           = 1                     // input not used
      start_time                    = 0                     // input not used
      end_time                      = 10                    // input not used
      grow_dt                       = 2                     // input not used
      convective_time_stepping_type = "ADAMS_BASHFORTH"     // input not used
      convective_op_type            = "PPM"                 // input not used
      convective_difference_form    = "ADVECTIVE"           // input not used
      normalize_pressure            = FALSE                 // input not used
      cfl                           = 0.25                  // input not used
      dt_max                        = 1e-05                 // input not used
      using_vorticity_tagging       = TRUE                  // input not used
      vorticity_rel_thresh          = 0.01                  // input not used
      tag_buffer                    = 1                     // input not used
      output_U                      = TRUE                  // input not used
      output_P                      = TRUE                  // input not used
      output_F                      = TRUE                  // input not used
      output_Omega                  = TRUE                  // input not used
      output_Div_U                  = TRUE                  // input not used
      enable_logging                = TRUE                  // input not used
      projection_method_type        = "PRESSURE_UPDATE"     // input not used
      use_2nd_order_pressure_update = TRUE                  // input not used
   }
   FEMechanicsExplicitIntegrator {
      use_consistent_mass_matrix = TRUE                     // input not used
   }
   INSStaggeredHierarchyIntegrator {
      mu                            = 0.02                  // input not used
      rho                           = 1                     // input not used
      start_time                    = 0                     // input not used
      end_time                      = 10                    // input not used
      grow_dt                       = 2                     // input not used
      convective_time_stepping_type = "ADAMS_BASHFORTH"     // input not used
      convective_op_type            = "PPM"                 // input not used
      convective_difference_form    = "ADVECTIVE"           // input not used
      normalize_pressure            = FALSE                 // input not used
      cfl                           = 0.25                  // input not used
      dt_max                        = 1e-05                 // input not used
      using_vorticity_tagging       = TRUE                  // input not used
      vorticity_rel_thresh          = 0.01                  // input not used
      tag_buffer                    = 1                     // input not used
      output_U                      = TRUE                  // input not used
      output_P                      = TRUE                  // input not used
      output_F                      = TRUE                  // input not used
      output_Omega                  = TRUE                  // input not used
      output_Div_U                  = TRUE                  // input not used
      enable_logging                = TRUE                  // input not used
   }
   Main {
      solver_type                 = "STAGGERED"             // input not used
      log_file_name               = "IIM2d.log"             // input used
      log_all_nodes               = FALSE                   // input used
      viz_writer                  = "VisIt", "ExodusII"     // input used
      viz_dump_interval           = 400                     // input used
      viz_dump_dirname            = "viz_IB2d_PR_499_dt5em4_k1000_em5" // input used
      visit_number_procs_per_file = 1                       // input used
      restart_dump_interval       = 0                       // input used
      restart_dump_dirname        = "restart_IB2d_test"     // input used
      data_dump_interval          = 0                       // input used
      data_dump_dirname           = "hier_data_IB2d_test"   // input used
      timer_dump_interval         = 0                       // input used
   }
   CartesianGeometry {
      domain_boxes       = [(0,0),(31,31)]                  // input not used
      x_lo               = -2.5, -2.5                       // input not used
      x_up               = 2.5, 2.5                         // input not used
      periodic_dimension = 0, 0                             // input not used
   }
   GriddingAlgorithm {
      max_levels           = 1                              // input not used
      efficiency_tolerance = 0.85                           // input not used
      combine_efficiency   = 0.85                           // input not used
      ratio_to_coarser {
         level_1 = 1, 1                                     // input not used
         level_2 = 1, 1                                     // input not used
         level_3 = 1, 1                                     // input not used
         level_4 = 1, 1                                     // input not used
         level_5 = 1, 1                                     // input not used
      }
      largest_patch_size {
         level_0 = 512, 512                                 // input not used
      }
      smallest_patch_size {
         level_0 = 8, 8                                     // input not used
      }
   }
   StandardTagAndInitialize {
      tagging_method = "GRADIENT_DETECTOR"                  // input not used
   }
   LoadBalancer {
      bin_pack_method     = "SPATIAL"                       // input not used
      max_workload_factor = 1                               // input not used
   }
   TimerManager {
      print_exclusive      = FALSE                          // input used
      print_total          = TRUE                           // input used
      print_threshold      = 0.1                            // input used
      timer_list           = "IBAMR::*::*", "IBTK::*::*", "*::*::*" // input used
      print_processor      = TRUE                           // from default
      print_max            = FALSE                          // from default
      print_summed         = FALSE                          // from default
      print_user           = FALSE                          // from default
      print_sys            = FALSE                          // from default
      print_wall           = TRUE                           // from default
      print_percentage     = TRUE                           // from default
      print_concurrent     = FALSE                          // from default
      print_timer_overhead = FALSE                          // from default
   }
}
Program abort called...
